Archive member included to satisfy reference by file (symbol)

C:/ST/STM32CubeIDE_1.19.0/STM32CubeIDE/plugins/com.st.stm32cube.ide.mcu.externaltools.gnu-tools-for-stm32.13.3.rel1.win32_1.0.0.202411081344/tools/bin/../lib/gcc/arm-none-eabi/13.3.1/../../../../arm-none-eabi/lib/thumb/v7e-m+dp/hard\libc_nano.a(libc_a-exit.o)
                              C:/ST/STM32CubeIDE_1.19.0/STM32CubeIDE/plugins/com.st.stm32cube.ide.mcu.externaltools.gnu-tools-for-stm32.13.3.rel1.win32_1.0.0.202411081344/tools/bin/../lib/gcc/arm-none-eabi/13.3.1/../../../../arm-none-eabi/lib/thumb/v7e-m+dp/hard/crt0.o (exit)
C:/ST/STM32CubeIDE_1.19.0/STM32CubeIDE/plugins/com.st.stm32cube.ide.mcu.externaltools.gnu-tools-for-stm32.13.3.rel1.win32_1.0.0.202411081344/tools/bin/../lib/gcc/arm-none-eabi/13.3.1/../../../../arm-none-eabi/lib/thumb/v7e-m+dp/hard\libc_nano.a(libc_a-findfp.o)
                              C:/ST/STM32CubeIDE_1.19.0/STM32CubeIDE/plugins/com.st.stm32cube.ide.mcu.externaltools.gnu-tools-for-stm32.13.3.rel1.win32_1.0.0.202411081344/tools/bin/../lib/gcc/arm-none-eabi/13.3.1/../../../../arm-none-eabi/lib/thumb/v7e-m+dp/hard\libc_nano.a(libc_a-exit.o) (__stdio_exit_handler)
C:/ST/STM32CubeIDE_1.19.0/STM32CubeIDE/plugins/com.st.stm32cube.ide.mcu.externaltools.gnu-tools-for-stm32.13.3.rel1.win32_1.0.0.202411081344/tools/bin/../lib/gcc/arm-none-eabi/13.3.1/../../../../arm-none-eabi/lib/thumb/v7e-m+dp/hard\libc_nano.a(libc_a-fwalk.o)
                              C:/ST/STM32CubeIDE_1.19.0/STM32CubeIDE/plugins/com.st.stm32cube.ide.mcu.externaltools.gnu-tools-for-stm32.13.3.rel1.win32_1.0.0.202411081344/tools/bin/../lib/gcc/arm-none-eabi/13.3.1/../../../../arm-none-eabi/lib/thumb/v7e-m+dp/hard\libc_nano.a(libc_a-findfp.o) (_fwalk_sglue)
C:/ST/STM32CubeIDE_1.19.0/STM32CubeIDE/plugins/com.st.stm32cube.ide.mcu.externaltools.gnu-tools-for-stm32.13.3.rel1.win32_1.0.0.202411081344/tools/bin/../lib/gcc/arm-none-eabi/13.3.1/../../../../arm-none-eabi/lib/thumb/v7e-m+dp/hard\libc_nano.a(libc_a-stdio.o)
                              C:/ST/STM32CubeIDE_1.19.0/STM32CubeIDE/plugins/com.st.stm32cube.ide.mcu.externaltools.gnu-tools-for-stm32.13.3.rel1.win32_1.0.0.202411081344/tools/bin/../lib/gcc/arm-none-eabi/13.3.1/../../../../arm-none-eabi/lib/thumb/v7e-m+dp/hard\libc_nano.a(libc_a-findfp.o) (__sread)
C:/ST/STM32CubeIDE_1.19.0/STM32CubeIDE/plugins/com.st.stm32cube.ide.mcu.externaltools.gnu-tools-for-stm32.13.3.rel1.win32_1.0.0.202411081344/tools/bin/../lib/gcc/arm-none-eabi/13.3.1/../../../../arm-none-eabi/lib/thumb/v7e-m+dp/hard\libc_nano.a(libc_a-memset.o)
                              C:/ST/STM32CubeIDE_1.19.0/STM32CubeIDE/plugins/com.st.stm32cube.ide.mcu.externaltools.gnu-tools-for-stm32.13.3.rel1.win32_1.0.0.202411081344/tools/bin/../lib/gcc/arm-none-eabi/13.3.1/../../../../arm-none-eabi/lib/thumb/v7e-m+dp/hard/crt0.o (memset)
C:/ST/STM32CubeIDE_1.19.0/STM32CubeIDE/plugins/com.st.stm32cube.ide.mcu.externaltools.gnu-tools-for-stm32.13.3.rel1.win32_1.0.0.202411081344/tools/bin/../lib/gcc/arm-none-eabi/13.3.1/../../../../arm-none-eabi/lib/thumb/v7e-m+dp/hard\libc_nano.a(libc_a-closer.o)
                              C:/ST/STM32CubeIDE_1.19.0/STM32CubeIDE/plugins/com.st.stm32cube.ide.mcu.externaltools.gnu-tools-for-stm32.13.3.rel1.win32_1.0.0.202411081344/tools/bin/../lib/gcc/arm-none-eabi/13.3.1/../../../../arm-none-eabi/lib/thumb/v7e-m+dp/hard\libc_nano.a(libc_a-stdio.o) (_close_r)
C:/ST/STM32CubeIDE_1.19.0/STM32CubeIDE/plugins/com.st.stm32cube.ide.mcu.externaltools.gnu-tools-for-stm32.13.3.rel1.win32_1.0.0.202411081344/tools/bin/../lib/gcc/arm-none-eabi/13.3.1/../../../../arm-none-eabi/lib/thumb/v7e-m+dp/hard\libc_nano.a(libc_a-reent.o)
                              C:/ST/STM32CubeIDE_1.19.0/STM32CubeIDE/plugins/com.st.stm32cube.ide.mcu.externaltools.gnu-tools-for-stm32.13.3.rel1.win32_1.0.0.202411081344/tools/bin/../lib/gcc/arm-none-eabi/13.3.1/../../../../arm-none-eabi/lib/thumb/v7e-m+dp/hard\libc_nano.a(libc_a-closer.o) (errno)
C:/ST/STM32CubeIDE_1.19.0/STM32CubeIDE/plugins/com.st.stm32cube.ide.mcu.externaltools.gnu-tools-for-stm32.13.3.rel1.win32_1.0.0.202411081344/tools/bin/../lib/gcc/arm-none-eabi/13.3.1/../../../../arm-none-eabi/lib/thumb/v7e-m+dp/hard\libc_nano.a(libc_a-impure.o)
                              C:/ST/STM32CubeIDE_1.19.0/STM32CubeIDE/plugins/com.st.stm32cube.ide.mcu.externaltools.gnu-tools-for-stm32.13.3.rel1.win32_1.0.0.202411081344/tools/bin/../lib/gcc/arm-none-eabi/13.3.1/../../../../arm-none-eabi/lib/thumb/v7e-m+dp/hard\libc_nano.a(libc_a-reent.o) (_impure_ptr)
C:/ST/STM32CubeIDE_1.19.0/STM32CubeIDE/plugins/com.st.stm32cube.ide.mcu.externaltools.gnu-tools-for-stm32.13.3.rel1.win32_1.0.0.202411081344/tools/bin/../lib/gcc/arm-none-eabi/13.3.1/../../../../arm-none-eabi/lib/thumb/v7e-m+dp/hard\libc_nano.a(libc_a-lseekr.o)
[...]
Memory Configuration

Name             Origin             Length             Attributes
ITCMRAM          0x00000000         0x00010000         xrw
FLASH            0x08000000         0x00200000         xr
DTCMRAM1         0x20000000         0x00010000         xrw
DTCMRAM2         0x20010000         0x00010000         xrw
RAM              0x24000000         0x00100000         xrw
RAM_CD           0x30000000         0x00020000         xrw
RAM_SRD          0x38000000         0x00008000         xrw
*default*        0x00000000         0xffffffff

Linker script and memory map

LOAD C:/ST/STM32CubeIDE_1.19.0/STM32CubeIDE/plugins/com.st.stm32cube.ide.mcu.externaltools.gnu-tools-for-stm32.13.3.rel1.win32_1.0.0.202411081344/tools/bin/../lib/gcc/arm-none-eabi/13.3.1/thumb/v7e-m+dp/hard/crti.o
LOAD C:/ST/STM32CubeIDE_1.19.0/STM32CubeIDE/plugins/com.st.stm32cube.ide.mcu.externaltools.gnu-tools-for-stm32.13.3.rel1.win32_1.0.0.202411081344/tools/bin/../lib/gcc/arm-none-eabi/13.3.1/thumb/v7e-m+dp/hard/crtbegin.o
LOAD C:/ST/STM32CubeIDE_1.19.0/STM32CubeIDE/plugins/com.st.stm32cube.ide.mcu.externaltools.gnu-tools-for-stm32.13.3.rel1.win32_1.0.0.202411081344/tools/bin/../lib/gcc/arm-none-eabi/13.3.1/../../../../arm-none-eabi/lib/thumb/v7e-m+dp/hard/crt0.o
LOAD ./Core/Src/ADS8688.o
LOAD ./Core/Src/main.o
LOAD ./Core/Src/stm32h7xx_hal_msp.o
LOAD ./Core/Src/stm32h7xx_it.o
LOAD ./Core/Src/syscalls.o
LOAD ./Core/Src/sysmem.o
LOAD ./Core/Src/system_stm32h7xx.o
LOAD ./Core/Startup/startup_stm32h7a3ritx.o
LOAD ./Drivers/STM32H7xx_HAL_Driver/Src/stm32h7xx_hal.o
LOAD ./Drivers/STM32H7xx_HAL_Driver/Src/stm32h7xx_hal_cortex.o
LOAD ./Drivers/STM32H7xx_HAL_Driver/Src/stm32h7xx_hal_dma.o
LOAD ./Drivers/STM32H7xx_HAL_Driver/Src/stm32h7xx_hal_dma_ex.o
LOAD ./Drivers/STM32H7xx_HAL_Driver/Src/stm32h7xx_hal_exti.o
LOAD ./Drivers/STM32H7xx_HAL_Driver/Src/stm32h7xx_hal_flash.o
LOAD ./Drivers/STM32H7xx_HAL_Driver/Src/stm32h7xx_hal_flash_ex.o
LOAD ./Drivers/STM32H7xx_HAL_Driver/Src/stm32h7xx_hal_gpio.o
LOAD ./Drivers/STM32H7xx_HAL_Driver/Src/stm32h7xx_hal_hsem.o
LOAD ./Drivers/STM32H7xx_HAL_Driver/Src/stm32h7xx_hal_i2c.o
LOAD ./Drivers/STM32H7xx_HAL_Driver/Src/stm32h7xx_hal_i2c_ex.o
LOAD ./Drivers/STM32H7xx_HAL_Driver/Src/stm32h7xx_hal_mdma.o
LOAD ./Drivers/STM32H7xx_HAL_Driver/Src/stm32h7xx_hal_pwr.o
LOAD ./Drivers/STM32H7xx_HAL_Driver/Src/stm32h7xx_hal_pwr_ex.o
LOAD ./Drivers/STM32H7xx_HAL_Driver/Src/stm32h7xx_hal_rcc.o
LOAD ./Drivers/STM32H7xx_HAL_Driver/Src/stm32h7xx_hal_rcc_ex.o
LOAD ./Drivers/STM32H7xx_HAL_Driver/Src/stm32h7xx_hal_spi.o
LOAD ./Drivers/STM32H7xx_HAL_Driver/Src/stm32h7xx_hal_spi_ex.o
LOAD ./Drivers/STM32H7xx_HAL_Driver/Src/stm32h7xx_hal_tim.o
LOAD ./Drivers/STM32H7xx_HAL_Driver/Src/stm32h7xx_hal_tim_ex.o
START GROUP
LOAD C:/ST/STM32CubeIDE_1.19.0/STM32CubeIDE/plugins/com.st.stm32cube.ide.mcu.externaltools.gnu-tools-for-stm32.13.3.rel1.win32_1.0.0.202411081344/tools/bin/../lib/gcc/arm-none-eabi/13.3.1/../../../../arm-none-eabi/lib/thumb/v7e-m+dp/hard\libc_nano.a
LOAD C:/ST/STM32CubeIDE_1.19.0/STM32CubeIDE/plugins/com.st.stm32cube.ide.mcu.externaltools.gnu-tools-for-stm32.13.3.rel1.win32_1.0.0.202411081344/tools/bin/../lib/gcc/arm-none-eabi/13.3.1/../../../../arm-none-eabi/lib/thumb/v7e-m+dp/hard\libm.a
END GROUP
START GROUP
LOAD C:/ST/STM32CubeIDE_1.19.0/STM32CubeIDE/plugins/com.st.stm32cube.ide.mcu.externaltools.gnu-tools-for-stm32.13.3.rel1.win32_1.0.0.202411081344/tools/bin/../lib/gcc/arm-none-eabi/13.3.1/thumb/v7e-m+dp/hard\libgcc.a
LOAD C:/ST/STM32CubeIDE_1.19.0/STM32CubeIDE/plugins/com.st.stm32cube.ide.mcu.externaltools.gnu-tools-for-stm32.13.3.rel1.win32_1.0.0.202411081344/tools/bin/../lib/gcc/arm-none-eabi/13.3.1/../../../../arm-none-eabi/lib/thumb/v7e-m+dp/hard\libc_nano.a
END GROUP
START GROUP
LOAD C:/ST/STM32CubeIDE_1.19.0/STM32CubeIDE/plugins/com.st.stm32cube.ide.mcu.externaltools.gnu-tools-for-stm32.13.3.rel1.win32_1.0.0.202411081344/tools/bin/../lib/gcc/arm-none-eabi/13.3.1/thumb/v7e-m+dp/hard\libgcc.a
LOAD C:/ST/STM32CubeIDE_1.19.0/STM32CubeIDE/plugins/com.st.stm32cube.ide.mcu.externaltools.gnu-tools-for-stm32.13.3.rel1.win32_1.0.0.202411081344/tools/bin/../lib/gcc/arm-none-eabi/13.3.1/../../../../arm-none-eabi/lib/thumb/v7e-m+dp/hard\libc_nano.a
LOAD C:/ST/STM32CubeIDE_1.19.0/STM32CubeIDE/plugins/com.st.stm32cube.ide.mcu.externaltools.gnu-tools-for-stm32.13.3.rel1.win32_1.0.0.202411081344/tools/bin/../lib/gcc/arm-none-eabi/13.3.1/../../../../arm-none-eabi/lib/thumb/v7e-m+dp/hard\libnosys.a
END GROUP
START GROUP
LOAD C:/ST/STM32CubeIDE_1.19.0/STM32CubeIDE/plugins/com.st.stm32cube.ide.mcu.externaltools.gnu-tools-for-stm32.13.3.rel1.win32_1.0.0.202411081344/tools/bin/../lib/gcc/arm-none-eabi/13.3.1/thumb/v7e-m+dp/hard\libgcc.a
LOAD C:/ST/STM32CubeIDE_1.19.0/STM32CubeIDE/plugins/com.st.stm32cube.ide.mcu.externaltools.gnu-tools-for-stm32.13.3.rel1.win32_1.0.0.202411081344/tools/bin/../lib/gcc/arm-none-eabi/13.3.1/../../../../arm-none-eabi/lib/thumb/v7e-m+dp/hard\libc_nano.a
LOAD C:/ST/STM32CubeIDE_1.19.0/STM32CubeIDE/plugins/com.st.stm32cube.ide.mcu.externaltools.gnu-tools-for-stm32.13.3.rel1.win32_1.0.0.202411081344/tools/bin/../lib/gcc/arm-none-eabi/13.3.1/../../../../arm-none-eabi/lib/thumb/v7e-m+dp/hard\libnosys.a
END GROUP
LOAD C:/ST/STM32CubeIDE_1.19.0/STM32CubeIDE/plugins/com.st.stm32cube.ide.mcu.externaltools.gnu-tools-for-stm32.13.3.rel1.win32_1.0.0.202411081344/tools/bin/../lib/gcc/arm-none-eabi/13.3.1/thumb/v7e-m+dp/hard/crtend.o
LOAD C:/ST/STM32CubeIDE_1.19.0/STM32CubeIDE/plugins/com.st.stm32cube.ide.mcu.externaltools.gnu-tools-for-stm32.13.3.rel1.win32_1.0.0.202411081344/tools/bin/../lib/gcc/arm-none-eabi/13.3.1/thumb/v7e-m+dp/hard/crtn.o
                0x24100000                        _estack = (ORIGIN (RAM) + LENGTH (RAM))
                0x00000200                        _Min_Heap_Size = 0x200
                0x00000400                        _Min_Stack_Size = 0x400

.isr_vector     0x08000000      0x2ac
                0x08000000                        . = ALIGN (0x4)
 *(.isr_vector)
 .isr_vector    0x08000000      0x2ac ./Core/Startup/startup_stm32h7a3ritx.o
                0x08000000                g_pfnVectors
                0x080002ac                        . = ALIGN (0x4)

.text           0x080002ac     0x46a4
                0x080002ac                        . = ALIGN (0x4)
 *(.text)
 .text          0x080002ac       0x40 C:/ST/STM32CubeIDE_1.19.0/STM32CubeIDE/plugins/com.st.stm32cube.ide.mcu.externaltools.gnu-tools-for-stm32.13.3.rel1.win32_1.0.0.202411081344/tools/bin/../lib/gcc/arm-none-eabi/13.3.1/thumb/v7e-m+dp/hard/crtbegin.o
 *(.text*)
 .text.ADS8688_Write_Command
                0x080002ec       0x4e ./Core/Src/ADS8688.o
                0x080002ec                ADS8688_Write_Command
 .text.ADS8688_Write_Register
                0x0800033a       0x64 ./Core/Src/ADS8688.o
                0x0800033a                ADS8688_Write_Register
 .text.ADS8688_Init_Sequence
                0x0800039e       0x84 ./Core/Src/ADS8688.o
                0x0800039e                ADS8688_Init_Sequence
 .text.ADS8688_Config_AutoScan
                0x08000422       0xb0 ./Core/Src/ADS8688.o
                0x08000422                ADS8688_Config_AutoScan
 *fill*         0x080004d2        0x2 
 .text.ADS8688_Read_All_Auto
                0x080004d4       0xac ./Core/Src/ADS8688.o
                0x080004d4                ADS8688_Read_All_Auto
 .text.main     0x08000580       0x64 ./Core/Src/main.o
                0x08000580                main
 .text.SystemClock_Config
                0x080005e4       0xec ./Core/Src/main.o
                0x080005e4                SystemClock_Config
 .text.MX_SPI1_Init
                0x080006d0       0xac ./Core/Src/main.o
 .text.MX_SPI2_Init
                0x0800077c       0xac ./Core/Src/main.o
 .text.MX_GPIO_Init
                0x08000828      0x108 ./Core/Src/main.o
 .text.MPU_Config
                0x08000930       0x58 ./Core/Src/main.o
 .text.Error_Handler
                0x08000988        0xc ./Core/Src/main.o
                0x08000988                Error_Handler
 .text.HAL_MspInit
                0x08000994       0x34 ./Core/Src/stm32h7xx_hal_msp.o
                0x08000994                HAL_MspInit
 .text.HAL_SPI_MspInit
                0x080009c8      0x170 ./Core/Src/stm32h7xx_hal_msp.o
                0x080009c8                HAL_SPI_MspInit
 .text.NMI_Handler
                0x08000b38        0x8 ./Core/Src/stm32h7xx_it.o
                0x08000b38                NMI_Handler
 .text.HardFault_Handler
                0x08000b40        0x8 ./Core/Src/stm32h7xx_it.o
                0x08000b40                HardFault_Handler
 .text.MemManage_Handler
                0x08000b48        0x8 ./Core/Src/stm32h7xx_it.o
                0x08000b48                MemManage_Handler
 .text.BusFault_Handler
                0x08000b50        0x8 ./Core/Src/stm32h7xx_it.o
                0x08000b50                BusFault_Handler
 .text.UsageFault_Handler
                0x08000b58        0x8 ./Core/Src/stm32h7xx_it.o
                0x08000b58                UsageFault_Handler
 .text.SVC_Handler
                0x08000b60        0xe ./Core/Src/stm32h7xx_it.o
                0x08000b60                SVC_Handler
 .text.DebugMon_Handler
                0x08000b6e        0xe ./Core/Src/stm32h7xx_it.o
                0x08000b6e                DebugMon_Handler
 .text.PendSV_Handler
                0x08000b7c        0xe ./Core/Src/stm32h7xx_it.o
                0x08000b7c                PendSV_Handler
 .text.SysTick_Handler
                0x08000b8a        0xc ./Core/Src/stm32h7xx_it.o
                0x08000b8a                SysTick_Handler
 *fill*         0x08000b96        0x2 
 .text.SystemInit
                0x08000b98      0x120 ./Core/Src/system_stm32h7xx.o
                0x08000b98                SystemInit
 .text.ExitRun0Mode
                0x08000cb8       0x30 ./Core/Src/system_stm32h7xx.o
                0x08000cb8                ExitRun0Mode
 .text.Reset_Handler
                0x08000ce8       0x54 ./Core/Startup/startup_stm32h7a3ritx.o
                0x08000ce8                Reset_Handler
 .text.Default_Handler
                0x08000d3c        0x2 ./Core/Startup/startup_stm32h7a3ritx.o
                0x08000d3c                RTC_Alarm_IRQHandler
                0x08000d3c                EXTI2_IRQHandler
                0x08000d3c                TIM8_CC_IRQHandler
                0x08000d3c                UART8_IRQHandler
                0x08000d3c                BDMA2_Channel1_IRQHandler
                0x08000d3c                SPI4_IRQHandler
                0x08000d3c                BDMA2_Channel0_IRQHandler
                0x08000d3c                TIM1_CC_IRQHandler
                0x08000d3c                DMA2_Stream5_IRQHandler
                0x08000d3c                JPEG_IRQHandler
                0x08000d3c                DMA1_Stream5_IRQHandler
                0x08000d3c                EXTI3_IRQHandler
                0x08000d3c                LPTIM4_IRQHandler
                0x08000d3c                TIM8_TRG_COM_TIM14_IRQHandler
                0x08000d3c                LPTIM2_IRQHandler
                0x08000d3c                DFSDM1_FLT1_IRQHandler
                0x08000d3c                DMAMUX2_OVR_IRQHandler
                0x08000d3c                GFXMMU_IRQHandler
                0x08000d3c                TIM8_UP_TIM13_IRQHandler
                0x08000d3c                I2C3_ER_IRQHandler
                0x08000d3c                DFSDM1_FLT2_IRQHandler
                0x08000d3c                USART10_IRQHandler
                0x08000d3c                MDMA_IRQHandler
                0x08000d3c                LPTIM3_IRQHandler
                0x08000d3c                BDMA2_Channel3_IRQHandler
                0x08000d3c                HSEM1_IRQHandler
                0x08000d3c                EXTI0_IRQHandler
                0x08000d3c                I2C2_EV_IRQHandler
                0x08000d3c                DAC2_IRQHandler
                0x08000d3c                DMA1_Stream2_IRQHandler
                0x08000d3c                FPU_IRQHandler
                0x08000d3c                OTG_HS_WKUP_IRQHandler
                0x08000d3c                FDCAN1_IT1_IRQHandler
                0x08000d3c                LTDC_ER_IRQHandler
                0x08000d3c                DMA2_Stream2_IRQHandler
                0x08000d3c                SPI1_IRQHandler
                0x08000d3c                OCTOSPI1_IRQHandler
                0x08000d3c                TIM6_DAC_IRQHandler
                0x08000d3c                BDMA2_Channel6_IRQHandler
                0x08000d3c                DMA2_Stream3_IRQHandler
                0x08000d3c                OCTOSPI2_IRQHandler
                0x08000d3c                SAI2_IRQHandler
                0x08000d3c                BDMA1_IRQHandler
                0x08000d3c                DFSDM1_FLT3_IRQHandler
                0x08000d3c                USART6_IRQHandler
                0x08000d3c                TIM17_IRQHandler
                0x08000d3c                USART3_IRQHandler
                0x08000d3c                LPTIM5_IRQHandler
                0x08000d3c                UART5_IRQHandler
                0x08000d3c                DMA2_Stream0_IRQHandler
                0x08000d3c                TIM4_IRQHandler
                0x08000d3c                I2C1_EV_IRQHandler
                0x08000d3c                DMA1_Stream6_IRQHandler
                0x08000d3c                DMAMUX1_OVR_IRQHandler
                0x08000d3c                DMA1_Stream1_IRQHandler
                0x08000d3c                TIM16_IRQHandler
                0x08000d3c                UART4_IRQHandler
                0x08000d3c                TIM3_IRQHandler
                0x08000d3c                RCC_IRQHandler
                0x08000d3c                UART9_IRQHandler
                0x08000d3c                TIM8_BRK_TIM12_IRQHandler
                0x08000d3c                TIM1_TRG_COM_IRQHandler
                0x08000d3c                Default_Handler
                0x08000d3c                ECC_IRQHandler
                0x08000d3c                BDMA2_Channel2_IRQHandler
                0x08000d3c                CEC_IRQHandler
                0x08000d3c                EXTI15_10_IRQHandler
                0x08000d3c                DFSDM1_FLT4_IRQHandler
                0x08000d3c                ADC_IRQHandler
                0x08000d3c                DMA1_Stream7_IRQHandler
                0x08000d3c                SPI5_IRQHandler
                0x08000d3c                TIM7_IRQHandler
                0x08000d3c                SDMMC1_IRQHandler
                0x08000d3c                TIM5_IRQHandler
                0x08000d3c                DMA2_Stream7_IRQHandler
                0x08000d3c                TIM15_IRQHandler
                0x08000d3c                I2C3_EV_IRQHandler
                0x08000d3c                DFSDM2_IRQHandler
                0x08000d3c                EXTI9_5_IRQHandler
                0x08000d3c                RTC_WKUP_IRQHandler
                0x08000d3c                LTDC_IRQHandler
                0x08000d3c                SPDIF_RX_IRQHandler
                0x08000d3c                PVD_PVM_IRQHandler
                0x08000d3c                SPI2_IRQHandler
                0x08000d3c                OTG_HS_EP1_IN_IRQHandler
                0x08000d3c                DFSDM1_FLT5_IRQHandler
                0x08000d3c                DMA1_Stream0_IRQHandler
                0x08000d3c                CRS_IRQHandler
                0x08000d3c                EXTI4_IRQHandler
                0x08000d3c                DFSDM1_FLT6_IRQHandler
                0x08000d3c                RNG_IRQHandler
                0x08000d3c                FDCAN2_IT1_IRQHandler
                0x08000d3c                COMP_IRQHandler
                0x08000d3c                TIM1_UP_IRQHandler
                0x08000d3c                OTG_HS_EP1_OUT_IRQHandler
                0x08000d3c                WWDG_IRQHandler
                0x08000d3c                SPI6_IRQHandler
                0x08000d3c                MDIOS_IRQHandler
                0x08000d3c                I2C4_EV_IRQHandler
                0x08000d3c                FDCAN2_IT0_IRQHandler
                0x08000d3c                LPUART1_IRQHandler
                0x08000d3c                FDCAN1_IT0_IRQHandler
                0x08000d3c                TIM2_IRQHandler
                0x08000d3c                BDMA2_Channel5_IRQHandler
                0x08000d3c                OTG_HS_IRQHandler
                0x08000d3c                DMA2D_IRQHandler
                0x08000d3c                TIM1_BRK_IRQHandler
                0x08000d3c                EXTI1_IRQHandler
                0x08000d3c                SDMMC2_IRQHandler
                0x08000d3c                DTS_IRQHandler
                0x08000d3c                UART7_IRQHandler
                0x08000d3c                MDIOS_WKUP_IRQHandler
                0x08000d3c                USART2_IRQHandler
                0x08000d3c                DFSDM1_FLT0_IRQHandler
                0x08000d3c                I2C2_ER_IRQHandler
                0x08000d3c                DMA2_Stream1_IRQHandler
                0x08000d3c                DFSDM1_FLT7_IRQHandler
                0x08000d3c                FLASH_IRQHandler
                0x08000d3c                DMA2_Stream4_IRQHandler
                0x08000d3c                USART1_IRQHandler
                0x08000d3c                SPI3_IRQHandler
                0x08000d3c                WAKEUP_PIN_IRQHandler
                0x08000d3c                DMA1_Stream4_IRQHandler
                0x08000d3c                I2C1_ER_IRQHandler
                0x08000d3c                FMC_IRQHandler
                0x08000d3c                BDMA2_Channel7_IRQHandler
                0x08000d3c                FDCAN_CAL_IRQHandler
                0x08000d3c                SWPMI1_IRQHandler
                0x08000d3c                LPTIM1_IRQHandler
                0x08000d3c                DCMI_PSSI_IRQHandler
                0x08000d3c                I2C4_ER_IRQHandler
                0x08000d3c                DMA2_Stream6_IRQHandler
                0x08000d3c                SAI1_IRQHandler
                0x08000d3c                DMA1_Stream3_IRQHandler
                0x08000d3c                RTC_TAMP_STAMP_CSS_LSE_IRQHandler
                0x08000d3c                BDMA2_Channel4_IRQHandler
 *fill*         0x08000d3e        0x2 
 .text.HAL_Init
                0x08000d40       0x78 ./Drivers/STM32H7xx_HAL_Driver/Src/stm32h7xx_hal.o
                0x08000d40                HAL_Init
 .text.HAL_InitTick
                0x08000db8       0x6c ./Drivers/STM32H7xx_HAL_Driver/Src/stm32h7xx_hal.o
                0x08000db8                HAL_InitTick
 .text.HAL_IncTick
                0x08000e24       0x28 ./Drivers/STM32H7xx_HAL_Driver/Src/stm32h7xx_hal.o
                0x08000e24                HAL_IncTick
 .text.HAL_GetTick
                0x08000e4c       0x18 ./Drivers/STM32H7xx_HAL_Driver/Src/stm32h7xx_hal.o
                0x08000e4c                HAL_GetTick
 .text.HAL_Delay
                0x08000e64       0x48 ./Drivers/STM32H7xx_HAL_Driver/Src/stm32h7xx_hal.o
                0x08000e64                HAL_Delay
 .text.__NVIC_SetPriorityGrouping
                0x08000eac       0x48 ./Drivers/STM32H7xx_HAL_Driver/Src/stm32h7xx_hal_cortex.o
 .text.__NVIC_GetPriorityGrouping
                0x08000ef4       0x1c ./Drivers/STM32H7xx_HAL_Driver/Src/stm32h7xx_hal_cortex.o
 .text.__NVIC_SetPriority
                0x08000f10       0x54 ./Drivers/STM32H7xx_HAL_Driver/Src/stm32h7xx_hal_cortex.o
 .text.NVIC_EncodePriority
                0x08000f64       0x66 ./Drivers/STM32H7xx_HAL_Driver/Src/stm32h7xx_hal_cortex.o
 *fill*         0x08000fca        0x2 
 .text.SysTick_Config
                0x08000fcc       0x44 ./Drivers/STM32H7xx_HAL_Driver/Src/stm32h7xx_hal_cortex.o
 .text.HAL_NVIC_SetPriorityGrouping
                0x08001010       0x16 ./Drivers/STM32H7xx_HAL_Driver/Src/stm32h7xx_hal_cortex.o
                0x08001010                HAL_NVIC_SetPriorityGrouping
 .text.HAL_NVIC_SetPriority
                0x08001026       0x34 ./Drivers/STM32H7xx_HAL_Driver/Src/stm32h7xx_hal_cortex.o
                0x08001026                HAL_NVIC_SetPriority
 .text.HAL_SYSTICK_Config
                0x0800105a       0x18 ./Drivers/STM32H7xx_HAL_Driver/Src/stm32h7xx_hal_cortex.o
                0x0800105a                HAL_SYSTICK_Config
 *fill*         0x08001072        0x2 
 .text.HAL_MPU_Disable
                0x08001074       0x30 ./Drivers/STM32H7xx_HAL_Driver/Src/stm32h7xx_hal_cortex.o
                0x08001074                HAL_MPU_Disable
 .text.HAL_MPU_Enable
                0x080010a4       0x40 ./Drivers/STM32H7xx_HAL_Driver/Src/stm32h7xx_hal_cortex.o
                0x080010a4                HAL_MPU_Enable
 .text.HAL_MPU_ConfigRegion
                0x080010e4       0x80 ./Drivers/STM32H7xx_HAL_Driver/Src/stm32h7xx_hal_cortex.o
                0x080010e4                HAL_MPU_ConfigRegion
 .text.HAL_GPIO_Init
                0x08001164      0x360 ./Drivers/STM32H7xx_HAL_Driver/Src/stm32h7xx_hal_gpio.o
                0x08001164                HAL_GPIO_Init
 .text.HAL_GPIO_WritePin
                0x080014c4       0x32 ./Drivers/STM32H7xx_HAL_Driver/Src/stm32h7xx_hal_gpio.o
                0x080014c4                HAL_GPIO_WritePin
 *fill*         0x080014f6        0x2 
 .text.HAL_PWREx_ConfigSupply
                0x080014f8       0x74 ./Drivers/STM32H7xx_HAL_Driver/Src/stm32h7xx_hal_pwr_ex.o
                0x080014f8                HAL_PWREx_ConfigSupply
 .text.HAL_RCC_OscConfig
                0x0800156c      0x864 ./Drivers/STM32H7xx_HAL_Driver/Src/stm32h7xx_hal_rcc.o
                0x0800156c                HAL_RCC_OscConfig
 .text.HAL_RCC_ClockConfig
                0x08001dd0      0x36c ./Drivers/STM32H7xx_HAL_Driver/Src/stm32h7xx_hal_rcc.o
                0x08001dd0                HAL_RCC_ClockConfig
 .text.HAL_RCC_GetSysClockFreq
                0x0800213c      0x2f4 ./Drivers/STM32H7xx_HAL_Driver/Src/stm32h7xx_hal_rcc.o
                0x0800213c                HAL_RCC_GetSysClockFreq
 .text.HAL_RCCEx_PeriphCLKConfig
                0x08002430     0x137c ./Drivers/STM32H7xx_HAL_Driver/Src/stm32h7xx_hal_rcc_ex.o
                0x08002430                HAL_RCCEx_PeriphCLKConfig
 .text.RCCEx_PLL2_Config
                0x080037ac      0x164 ./Drivers/STM32H7xx_HAL_Driver/Src/stm32h7xx_hal_rcc_ex.o
 .text.RCCEx_PLL3_Config
                0x08003910      0x164 ./Drivers/STM32H7xx_HAL_Driver/Src/stm32h7xx_hal_rcc_ex.o
 .text.HAL_SPI_Init
                0x08003a74      0x248 ./Drivers/STM32H7xx_HAL_Driver/Src/stm32h7xx_hal_spi.o
                0x08003a74                HAL_SPI_Init
 .text.HAL_SPI_Transmit
                0x08003cbc      0x3dc ./Drivers/STM32H7xx_HAL_Driver/Src/stm32h7xx_hal_spi.o
                0x08003cbc                HAL_SPI_Transmit
 .text.HAL_SPI_TransmitReceive
                0x08004098      0x674 ./Drivers/STM32H7xx_HAL_Driver/Src/stm32h7xx_hal_spi.o
                0x08004098                HAL_SPI_TransmitReceive
 .text.SPI_CloseTransfer
                0x0800470c      0x140 ./Drivers/STM32H7xx_HAL_Driver/Src/stm32h7xx_hal_spi.o
 .text.SPI_WaitOnFlagUntilTimeout
                0x0800484c       0x5c ./Drivers/STM32H7xx_HAL_Driver/Src/stm32h7xx_hal_spi.o
 .text.SPI_GetPacketSize
                0x080048a8       0x36 ./Drivers/STM32H7xx_HAL_Driver/Src/stm32h7xx_hal_spi.o
 .text.memset   0x080048de       0x10 C:/ST/STM32CubeIDE_1.19.0/STM32CubeIDE/plugins/com.st.stm32cube.ide.mcu.externaltools.gnu-tools-for-stm32.13.3.rel1.win32_1.0.0.202411081344/tools/bin/../lib/gcc/arm-none-eabi/13.3.1/../../../../arm-none-eabi/lib/thumb/v7e-m+dp/hard\libc_nano.a(libc_a-memset.o)
                0x080048de                memset
 *fill*         0x080048ee        0x2 
 .text.__libc_init_array
                0x080048f0       0x48 C:/ST/STM32CubeIDE_1.19.0/STM32CubeIDE/plugins/com.st.stm32cube.ide.mcu.externaltools.gnu-tools-for-stm32.13.3.rel1.win32_1.0.0.202411081344/tools/bin/../lib/gcc/arm-none-eabi/13.3.1/../../../../arm-none-eabi/lib/thumb/v7e-m+dp/hard\libc_nano.a(libc_a-init.o)
                0x080048f0                __libc_init_array
 *(.glue_7)
 .glue_7        0x08004938        0x0 linker stubs
 *(.glue_7t)
 .glue_7t       0x08004938        0x0 linker stubs
 *(.eh_frame)
 .eh_frame      0x08004938        0x0 C:/ST/STM32CubeIDE_1.19.0/STM32CubeIDE/plugins/com.st.stm32cube.ide.mcu.externaltools.gnu-tools-for-stm32.13.3.rel1.win32_1.0.0.202411081344/tools/bin/../lib/gcc/arm-none-eabi/13.3.1/thumb/v7e-m+dp/hard/crtbegin.o
 *(.init)
 .init          0x08004938        0x4 C:/ST/STM32CubeIDE_1.19.0/STM32CubeIDE/plugins/com.st.stm32cube.ide.mcu.externaltools.gnu-tools-for-stm32.13.3.rel1.win32_1.0.0.202411081344/tools/bin/../lib/gcc/arm-none-eabi/13.3.1/thumb/v7e-m+dp/hard/crti.o
                0x08004938                _init
 .init          0x0800493c        0x8 C:/ST/STM32CubeIDE_1.19.0/STM32CubeIDE/plugins/com.st.stm32cube.ide.mcu.externaltools.gnu-tools-for-stm32.13.3.rel1.win32_1.0.0.202411081344/tools/bin/../lib/gcc/arm-none-eabi/13.3.1/thumb/v7e-m+dp/hard/crtn.o
 *(.fini)
 .fini          0x08004944        0x4 C:/ST/STM32CubeIDE_1.19.0/STM32CubeIDE/plugins/com.st.stm32cube.ide.mcu.externaltools.gnu-tools-for-stm32.13.3.rel1.win32_1.0.0.202411081344/tools/bin/../lib/gcc/arm-none-eabi/13.3.1/thumb/v7e-m+dp/hard/crti.o
                0x08004944                _fini
 .fini          0x08004948        0x8 C:/ST/STM32CubeIDE_1.19.0/STM32CubeIDE/plugins/com.st.stm32cube.ide.mcu.externaltools.gnu-tools-for-stm32.13.3.rel1.win32_1.0.0.202411081344/tools/bin/../lib/gcc/arm-none-eabi/13.3.1/thumb/v7e-m+dp/hard/crtn.o
                0x08004950                        . = ALIGN (0x4)
                0x08004950                        _etext = .

.vfp11_veneer   0x08004950        0x0
 .vfp11_veneer  0x08004950        0x0 linker stubs

.v4_bx          0x08004950        0x0
 .v4_bx         0x08004950        0x0 linker stubs

.iplt           0x08004950        0x0
 .iplt          0x08004950        0x0 C:/ST/STM32CubeIDE_1.19.0/STM32CubeIDE/plugins/com.st.stm32cube.ide.mcu.externaltools.gnu-tools-for-stm32.13.3.rel1.win32_1.0.0.202411081344/tools/bin/../lib/gcc/arm-none-eabi/13.3.1/thumb/v7e-m+dp/hard/crtbegin.o

.rodata         0x08004950       0x10
                0x08004950                        . = ALIGN (0x4)
 *(.rodata)
 *(.rodata*)
 .rodata.D1CorePrescTable
                0x08004950       0x10 ./Core/Src/system_stm32h7xx.o
                0x08004950                D1CorePrescTable
                0x08004960                        . = ALIGN (0x4)

.ARM.extab
 *(.ARM.extab* .gnu.linkonce.armextab.*)

.ARM            0x08004960        0x0
                0x08004960                        __exidx_start = .
 *(.ARM.exidx*)
                0x08004960                        __exidx_end = .

.preinit_array  0x08004960        0x0
                0x08004960                        PROVIDE (__preinit_array_start = .)
 *(.preinit_array*)
                0x08004960                        PROVIDE (__preinit_array_end = .)

.init_array     0x08004960        0x4
                0x08004960                        PROVIDE (__init_array_start = .)
 *(SORT_BY_NAME(.init_array.*))
 *(.init_array*)
 .init_array    0x08004960        0x4 C:/ST/STM32CubeIDE_1.19.0/STM32CubeIDE/plugins/com.st.stm32cube.ide.mcu.externaltools.gnu-tools-for-stm32.13.3.rel1.win32_1.0.0.202411081344/tools/bin/../lib/gcc/arm-none-eabi/13.3.1/thumb/v7e-m+dp/hard/crtbegin.o
                0x08004964                        PROVIDE (__init_array_end = .)

.fini_array     0x08004964        0x4
                [!provide]                        PROVIDE (__fini_array_start = .)
 *(SORT_BY_NAME(.fini_array.*))
 *(.fini_array*)
 .fini_array    0x08004964        0x4 C:/ST/STM32CubeIDE_1.19.0/STM32CubeIDE/plugins/com.st.stm32cube.ide.mcu.externaltools.gnu-tools-for-stm32.13.3.rel1.win32_1.0.0.202411081344/tools/bin/../lib/gcc/arm-none-eabi/13.3.1/thumb/v7e-m+dp/hard/crtbegin.o
                [!provide]                        PROVIDE (__fini_array_end = .)
                0x08004968                        _sidata = LOADADDR (.data)

.rel.dyn        0x08004968        0x0
 .rel.iplt      0x08004968        0x0 C:/ST/STM32CubeIDE_1.19.0/STM32CubeIDE/plugins/com.st.stm32cube.ide.mcu.externaltools.gnu-tools-for-stm32.13.3.rel1.win32_1.0.0.202411081344/tools/bin/../lib/gcc/arm-none-eabi/13.3.1/thumb/v7e-m+dp/hard/crtbegin.o

.data           0x24000000       0x10 load address 0x08004968
                0x24000000                        . = ALIGN (0x4)
                0x24000000                        _sdata = .
 *(.data)
 *(.data*)
 .data.SystemCoreClock
                0x24000000        0x4 ./Core/Src/system_stm32h7xx.o
                0x24000000                SystemCoreClock
 .data.SystemD2Clock
                0x24000004        0x4 ./Core/Src/system_stm32h7xx.o
                0x24000004                SystemD2Clock
 .data.uwTickPrio
                0x24000008        0x4 ./Drivers/STM32H7xx_HAL_Driver/Src/stm32h7xx_hal.o
                0x24000008                uwTickPrio
 .data.uwTickFreq
                0x2400000c        0x1 ./Drivers/STM32H7xx_HAL_Driver/Src/stm32h7xx_hal.o
                0x2400000c                uwTickFreq
 *(.RamFunc)
 *(.RamFunc*)
                0x24000010                        . = ALIGN (0x4)
 *fill*         0x2400000d        0x3 
                0x24000010                        _edata = .

.igot.plt       0x24000010        0x0 load address 0x08004978
 .igot.plt      0x24000010        0x0 C:/ST/STM32CubeIDE_1.19.0/STM32CubeIDE/plugins/com.st.stm32cube.ide.mcu.externaltools.gnu-tools-for-stm32.13.3.rel1.win32_1.0.0.202411081344/tools/bin/../lib/gcc/arm-none-eabi/13.3.1/thumb/v7e-m+dp/hard/crtbegin.o
                0x24000010                        . = ALIGN (0x4)

.bss            0x24000010      0x148 load address 0x08004978
                0x24000010                        _sbss = .
                0x24000010                        __bss_start__ = _sbss
 *(.bss)
 .bss           0x24000010       0x1c C:/ST/STM32CubeIDE_1.19.0/STM32CubeIDE/plugins/com.st.stm32cube.ide.mcu.externaltools.gnu-tools-for-stm32.13.3.rel1.win32_1.0.0.202411081344/tools/bin/../lib/gcc/arm-none-eabi/13.3.1/thumb/v7e-m+dp/hard/crtbegin.o
 *(.bss*)
 .bss.hspi1     0x2400002c       0x88 ./Core/Src/main.o
                0x2400002c                hspi1
 .bss.hspi2     0x240000b4       0x88 ./Core/Src/main.o
                0x240000b4                hspi2
 .bss.all_channels_raw
                0x2400013c        0x8 ./Core/Src/main.o
                0x2400013c                all_channels_raw
 .bss.all_channels_voltage
                0x24000144       0x10 ./Core/Src/main.o
                0x24000144                all_channels_voltage
 .bss.uwTick    0x24000154        0x4 ./Drivers/STM32H7xx_HAL_Driver/Src/stm32h7xx_hal.o
                0x24000154                uwTick
 *(COMMON)
                0x24000158                        . = ALIGN (0x4)
                0x24000158                        _ebss = .
                0x24000158                        __bss_end__ = _ebss

._user_heap_stack
                0x24000158      0x600 load address 0x08004978
                0x24000158                        . = ALIGN (0x8)
                [!provide]                        PROVIDE (end = .)
                0x24000158                        PROVIDE (_end = .)
                0x24000358                        . = (. + _Min_Heap_Size)
 *fill*         0x24000158      0x200 
                0x24000758                        . = (. + _Min_Stack_Size)
 *fill*         0x24000358      0x400 
                0x24000758                        . = ALIGN (0x8)

/DISCARD/
 libc.a(*)
 libm.a(*)
 libgcc.a(*)

.ARM.attributes
                0x00000000       0x2e
 *(.ARM.attributes)
 .ARM.attributes
                0x00000000       0x20 C:/ST/STM32CubeIDE_1.19.0/STM32CubeIDE/plugins/com.st.stm32cube.ide.mcu.externaltools.gnu-tools-for-stm32.13.3.rel1.win32_1.0.0.202411081344/tools/bin/../lib/gcc/arm-none-eabi/13.3.1/thumb/v7e-m+dp/hard/crti.o
 .ARM.attributes
                0x00000020       0x32 C:/ST/STM32CubeIDE_1.19.0/STM32CubeIDE/plugins/com.st.stm32cube.ide.mcu.externaltools.gnu-tools-for-stm32.13.3.rel1.win32_1.0.0.202411081344/tools/bin/../lib/gcc/arm-none-eabi/13.3.1/thumb/v7e-m+dp/hard/crtbegin.o
 .ARM.attributes
                0x00000052       0x32 ./Core/Src/ADS8688.o
 .ARM.attributes
                0x00000084       0x32 ./Core/Src/main.o
 .ARM.attributes
                0x000000b6       0x32 ./Core/Src/stm32h7xx_hal_msp.o
 .ARM.attributes
                0x000000e8       0x32 ./Core/Src/stm32h7xx_it.o
 .ARM.attributes
                0x0000011a       0x32 ./Core/Src/system_stm32h7xx.o
 .ARM.attributes
                0x0000014c       0x21 ./Core/Startup/startup_stm32h7a3ritx.o
 .ARM.attributes
                0x0000016d       0x32 ./Drivers/STM32H7xx_HAL_Driver/Src/stm32h7xx_hal.o
 .ARM.attributes
                0x0000019f       0x32 ./Drivers/STM32H7xx_HAL_Driver/Src/stm32h7xx_hal_cortex.o
 .ARM.attributes
                0x000001d1       0x32 ./Drivers/STM32H7xx_HAL_Driver/Src/stm32h7xx_hal_gpio.o
 .ARM.attributes
                0x00000203       0x32 ./Drivers/STM32H7xx_HAL_Driver/Src/stm32h7xx_hal_pwr_ex.o
 .ARM.attributes
                0x00000235       0x32 ./Drivers/STM32H7xx_HAL_Driver/Src/stm32h7xx_hal_rcc.o
 .ARM.attributes
                0x00000267       0x32 ./Drivers/STM32H7xx_HAL_Driver/Src/stm32h7xx_hal_rcc_ex.o
 .ARM.attributes
                0x00000299       0x32 ./Drivers/STM32H7xx_HAL_Driver/Src/stm32h7xx_hal_spi.o
 .ARM.attributes
                0x000002cb       0x32 C:/ST/STM32CubeIDE_1.19.0/STM32CubeIDE/plugins/com.st.stm32cube.ide.mcu.externaltools.gnu-tools-for-stm32.13.3.rel1.win32_1.0.0.202411081344/tools/bin/../lib/gcc/arm-none-eabi/13.3.1/../../../../arm-none-eabi/lib/thumb/v7e-m+dp/hard\libc_nano.a(libc_a-memset.o)
 .ARM.attributes
                0x000002fd       0x32 C:/ST/STM32CubeIDE_1.19.0/STM32CubeIDE/plugins/com.st.stm32cube.ide.mcu.externaltools.gnu-tools-for-stm32.13.3.rel1.win32_1.0.0.202411081344/tools/bin/../lib/gcc/arm-none-eabi/13.3.1/../../../../arm-none-eabi/lib/thumb/v7e-m+dp/hard\libc_nano.a(libc_a-init.o)
 .ARM.attributes
                0x0000032f       0x20 C:/ST/STM32CubeIDE_1.19.0/STM32CubeIDE/plugins/com.st.stm32cube.ide.mcu.externaltools.gnu-tools-for-stm32.13.3.rel1.win32_1.0.0.202411081344/tools/bin/../lib/gcc/arm-none-eabi/13.3.1/thumb/v7e-m+dp/hard/crtn.o
OUTPUT(RTmon ADS8688 Channel 0.elf elf32-littlearm)
LOAD linker stubs
LOAD C:/ST/STM32CubeIDE_1.19.0/STM32CubeIDE/plugins/com.st.stm32cube.ide.mcu.externaltools.gnu-tools-for-stm32.13.3.rel1.win32_1.0.0.202411081344/tools/bin/../lib/gcc/arm-none-eabi/13.3.1/../../../../arm-none-eabi/lib/thumb/v7e-m+dp/hard\libc.a
LOAD C:/ST/STM32CubeIDE_1.19.0/STM32CubeIDE/plugins/com.st.stm32cube.ide.mcu.externaltools.gnu-tools-for-stm32.13.3.rel1.win32_1.0.0.202411081344/tools/bin/../lib/gcc/arm-none-eabi/13.3.1/../../../../arm-none-eabi/lib/thumb/v7e-m+dp/hard\libm.a
LOAD C:/ST/STM32CubeIDE_1.19.0/STM32CubeIDE/plugins/com.st.stm32cube.ide.mcu.externaltools.gnu-tools-for-stm32.13.3.rel1.win32_1.0.0.202411081344/tools/bin/../lib/gcc/arm-none-eabi/13.3.1/thumb/v7e-m+dp/hard\libgcc.a

.debug_info     0x00000000     0xb2a9
 .debug_info    0x00000000      0xc42 ./Core/Src/ADS8688.o
 .debug_info    0x00000c42     0x1354 ./Core/Src/main.o
 .debug_info    0x00001f96     0x10c3 ./Core/Src/stm32h7xx_hal_msp.o
 .debug_info    0x00003059      0x128 ./Core/Src/stm32h7xx_it.o
 .debug_info    0x00003181      0xd33 ./Core/Src/system_stm32h7xx.o
 .debug_info    0x00003eb4       0x30 ./Core/Startup/startup_stm32h7a3ritx.o
 .debug_info    0x00003ee4     0x13f1 ./Drivers/STM32H7xx_HAL_Driver/Src/stm32h7xx_hal.o
 .debug_info    0x000052d5     0x1093 ./Drivers/STM32H7xx_HAL_Driver/Src/stm32h7xx_hal_cortex.o
 .debug_info    0x00006368      0xb3a ./Drivers/STM32H7xx_HAL_Driver/Src/stm32h7xx_hal_gpio.o
 .debug_info    0x00006ea2      0xf01 ./Drivers/STM32H7xx_HAL_Driver/Src/stm32h7xx_hal_pwr_ex.o
 .debug_info    0x00007da3      0xeb0 ./Drivers/STM32H7xx_HAL_Driver/Src/stm32h7xx_hal_rcc.o
 .debug_info    0x00008c53     0x120c ./Drivers/STM32H7xx_HAL_Driver/Src/stm32h7xx_hal_rcc_ex.o
 .debug_info    0x00009e5f     0x144a ./Drivers/STM32H7xx_HAL_Driver/Src/stm32h7xx_hal_spi.o

.debug_abbrev   0x00000000     0x1b43
 .debug_abbrev  0x00000000      0x1fa ./Core/Src/ADS8688.o
 .debug_abbrev  0x000001fa      0x2e4 ./Core/Src/main.o
 .debug_abbrev  0x000004de      0x217 ./Core/Src/stm32h7xx_hal_msp.o
 .debug_abbrev  0x000006f5       0x73 ./Core/Src/stm32h7xx_it.o
 .debug_abbrev  0x00000768      0x165 ./Core/Src/system_stm32h7xx.o
 .debug_abbrev  0x000008cd       0x24 ./Core/Startup/startup_stm32h7a3ritx.o
 .debug_abbrev  0x000008f1      0x291 ./Drivers/STM32H7xx_HAL_Driver/Src/stm32h7xx_hal.o
 .debug_abbrev  0x00000b82      0x339 ./Drivers/STM32H7xx_HAL_Driver/Src/stm32h7xx_hal_cortex.o
 .debug_abbrev  0x00000ebb      0x201 ./Drivers/STM32H7xx_HAL_Driver/Src/stm32h7xx_hal_gpio.o
 .debug_abbrev  0x000010bc      0x297 ./Drivers/STM32H7xx_HAL_Driver/Src/stm32h7xx_hal_pwr_ex.o
 .debug_abbrev  0x00001353      0x2c5 ./Drivers/STM32H7xx_HAL_Driver/Src/stm32h7xx_hal_rcc.o
 .debug_abbrev  0x00001618      0x27a ./Drivers/STM32H7xx_HAL_Driver/Src/stm32h7xx_hal_rcc_ex.o
 .debug_abbrev  0x00001892      0x2b1 ./Drivers/STM32H7xx_HAL_Driver/Src/stm32h7xx_hal_spi.o

.debug_aranges  0x00000000      0x960
 .debug_aranges
                0x00000000       0x58 ./Core/Src/ADS8688.o
 .debug_aranges
                0x00000058       0x50 ./Core/Src/main.o
 .debug_aranges
                0x000000a8       0x30 ./Core/Src/stm32h7xx_hal_msp.o
 .debug_aranges
                0x000000d8       0x60 ./Core/Src/stm32h7xx_it.o
 .debug_aranges
                0x00000138       0x30 ./Core/Src/system_stm32h7xx.o
 .debug_aranges
                0x00000168       0x28 ./Core/Startup/startup_stm32h7a3ritx.o
 .debug_aranges
                0x00000190      0x1a0 ./Drivers/STM32H7xx_HAL_Driver/Src/stm32h7xx_hal.o
 .debug_aranges
                0x00000330      0x130 ./Drivers/STM32H7xx_HAL_Driver/Src/stm32h7xx_hal_cortex.o
 .debug_aranges
                0x00000460       0x58 ./Drivers/STM32H7xx_HAL_Driver/Src/stm32h7xx_hal_gpio.o
 .debug_aranges
                0x000004b8      0x188 ./Drivers/STM32H7xx_HAL_Driver/Src/stm32h7xx_hal_pwr_ex.o
 .debug_aranges
                0x00000640       0x88 ./Drivers/STM32H7xx_HAL_Driver/Src/stm32h7xx_hal_rcc.o
 .debug_aranges
                0x000006c8       0xf0 ./Drivers/STM32H7xx_HAL_Driver/Src/stm32h7xx_hal_rcc_ex.o
 .debug_aranges
                0x000007b8      0x1a8 ./Drivers/STM32H7xx_HAL_Driver/Src/stm32h7xx_hal_spi.o

.debug_rnglists
                0x00000000      0x6fe
 .debug_rnglists
                0x00000000       0x40 ./Core/Src/ADS8688.o
 .debug_rnglists
                0x00000040       0x3b ./Core/Src/main.o
 .debug_rnglists
                0x0000007b       0x20 ./Core/Src/stm32h7xx_hal_msp.o
 .debug_rnglists
                0x0000009b       0x43 ./Core/Src/stm32h7xx_it.o
 .debug_rnglists
                0x000000de       0x21 ./Core/Src/system_stm32h7xx.o
 .debug_rnglists
                0x000000ff       0x19 ./Core/Startup/startup_stm32h7a3ritx.o
 .debug_rnglists
                0x00000118      0x137 ./Drivers/STM32H7xx_HAL_Driver/Src/stm32h7xx_hal.o
 .debug_rnglists
                0x0000024f       0xe0 ./Drivers/STM32H7xx_HAL_Driver/Src/stm32h7xx_hal_cortex.o
 .debug_rnglists
                0x0000032f       0x3f ./Drivers/STM32H7xx_HAL_Driver/Src/stm32h7xx_hal_gpio.o
 .debug_rnglists
                0x0000036e      0x126 ./Drivers/STM32H7xx_HAL_Driver/Src/stm32h7xx_hal_pwr_ex.o
 .debug_rnglists
                0x00000494       0x68 ./Drivers/STM32H7xx_HAL_Driver/Src/stm32h7xx_hal_rcc.o
 .debug_rnglists
                0x000004fc       0xba ./Drivers/STM32H7xx_HAL_Driver/Src/stm32h7xx_hal_rcc_ex.o
 .debug_rnglists
                0x000005b6      0x148 ./Drivers/STM32H7xx_HAL_Driver/Src/stm32h7xx_hal_spi.o

.debug_macro    0x00000000    0x2ee87
 .debug_macro   0x00000000      0x2bc ./Core/Src/ADS8688.o
 .debug_macro   0x000002bc      0xaf6 ./Core/Src/ADS8688.o
 .debug_macro   0x00000db2      0x232 ./Core/Src/ADS8688.o
 .debug_macro   0x00000fe4       0x2e ./Core/Src/ADS8688.o
 .debug_macro   0x00001012       0x3b ./Core/Src/ADS8688.o
 .debug_macro   0x0000104d       0x22 ./Core/Src/ADS8688.o
 .debug_macro   0x0000106f       0x8e ./Core/Src/ADS8688.o
 .debug_macro   0x000010fd       0x51 ./Core/Src/ADS8688.o
 .debug_macro   0x0000114e      0x103 ./Core/Src/ADS8688.o
 .debug_macro   0x00001251       0x6a ./Core/Src/ADS8688.o
 .debug_macro   0x000012bb      0x1df ./Core/Src/ADS8688.o
 .debug_macro   0x0000149a       0x1c ./Core/Src/ADS8688.o
 .debug_macro   0x000014b6       0x22 ./Core/Src/ADS8688.o
 .debug_macro   0x000014d8       0xfb ./Core/Src/ADS8688.o
 .debug_macro   0x000015d3     0x1305 ./Core/Src/ADS8688.o
 .debug_macro   0x000028d8      0x11f ./Core/Src/ADS8688.o
 .debug_macro   0x000029f7       0x27 ./Core/Src/ADS8688.o
 .debug_macro   0x00002a1e    0x1eb92 ./Core/Src/ADS8688.o
 .debug_macro   0x000215b0       0x6d ./Core/Src/ADS8688.o
 .debug_macro   0x0002161d     0x3d80 ./Core/Src/ADS8688.o
 .debug_macro   0x0002539d      0x190 ./Core/Src/ADS8688.o
 .debug_macro   0x0002552d       0x61 ./Core/Src/ADS8688.o
 .debug_macro   0x0002558e       0x29 ./Core/Src/ADS8688.o
 .debug_macro   0x000255b7       0x43 ./Core/Src/ADS8688.o
 .debug_macro   0x000255fa       0x34 ./Core/Src/ADS8688.o
 .debug_macro   0x0002562e      0x370 ./Core/Src/ADS8688.o
 .debug_macro   0x0002599e       0x16 ./Core/Src/ADS8688.o
 .debug_macro   0x000259b4       0x4a ./Core/Src/ADS8688.o
 .debug_macro   0x000259fe       0x34 ./Core/Src/ADS8688.o
 .debug_macro   0x00025a32       0x10 ./Core/Src/ADS8688.o
 .debug_macro   0x00025a42       0x58 ./Core/Src/ADS8688.o
 .debug_macro   0x00025a9a       0x8e ./Core/Src/ADS8688.o
 .debug_macro   0x00025b28       0x1c ./Core/Src/ADS8688.o
 .debug_macro   0x00025b44      0x185 ./Core/Src/ADS8688.o
 .debug_macro   0x00025cc9      0x19b ./Core/Src/ADS8688.o
 .debug_macro   0x00025e64       0x5d ./Core/Src/ADS8688.o
 .debug_macro   0x00025ec1     0x24ee ./Core/Src/ADS8688.o
 .debug_macro   0x000283af     0x103a ./Core/Src/ADS8688.o
 .debug_macro   0x000293e9      0x154 ./Core/Src/ADS8688.o
 .debug_macro   0x0002953d      0x114 ./Core/Src/ADS8688.o
 .debug_macro   0x00029651      0x3d5 ./Core/Src/ADS8688.o
 .debug_macro   0x00029a26       0xac ./Core/Src/ADS8688.o
 .debug_macro   0x00029ad2      0x70a ./Core/Src/ADS8688.o
 .debug_macro   0x0002a1dc      0x20c ./Core/Src/ADS8688.o
 .debug_macro   0x0002a3e8       0x66 ./Core/Src/ADS8688.o
 .debug_macro   0x0002a44e      0x3c9 ./Core/Src/ADS8688.o
 .debug_macro   0x0002a817      0x3eb ./Core/Src/ADS8688.o
 .debug_macro   0x0002ac02      0x275 ./Core/Src/ADS8688.o
 .debug_macro   0x0002ae77      0x6c8 ./Core/Src/ADS8688.o
 .debug_macro   0x0002b53f      0x520 ./Core/Src/ADS8688.o
 .debug_macro   0x0002ba5f       0x58 ./Core/Src/ADS8688.o
 .debug_macro   0x0002bab7       0x4a ./Core/Src/ADS8688.o
 .debug_macro   0x0002bb01      0x22c ./Core/Src/ADS8688.o
 .debug_macro   0x0002bd2d       0x67 ./Core/Src/ADS8688.o
 .debug_macro   0x0002bd94       0xa5 ./Core/Src/ADS8688.o
 .debug_macro   0x0002be39      0x1bd ./Core/Src/ADS8688.o
 .debug_macro   0x0002bff6      0x2ab ./Core/Src/ADS8688.o
 .debug_macro   0x0002c2a1       0x35 ./Core/Src/ADS8688.o
 .debug_macro   0x0002c2d6      0x5e4 ./Core/Src/ADS8688.o
 .debug_macro   0x0002c8ba       0xc1 ./Core/Src/ADS8688.o
 .debug_macro   0x0002c97b      0x5ca ./Core/Src/ADS8688.o
 .debug_macro   0x0002cf45       0x52 ./Core/Src/ADS8688.o
 .debug_macro   0x0002cf97      0x14e ./Core/Src/ADS8688.o
 .debug_macro   0x0002d0e5      0x2c2 ./Core/Src/main.o
 .debug_macro   0x0002d3a7      0x2a9 ./Core/Src/stm32h7xx_hal_msp.o
 .debug_macro   0x0002d650      0x2b3 ./Core/Src/stm32h7xx_it.o
 .debug_macro   0x0002d903      0x29a ./Core/Src/system_stm32h7xx.o
 .debug_macro   0x0002db9d      0x2c4 ./Drivers/STM32H7xx_HAL_Driver/Src/stm32h7xx_hal.o
 .debug_macro   0x0002de61      0x29a ./Drivers/STM32H7xx_HAL_Driver/Src/stm32h7xx_hal_cortex.o
 .debug_macro   0x0002e0fb      0x2a1 ./Drivers/STM32H7xx_HAL_Driver/Src/stm32h7xx_hal_gpio.o
 .debug_macro   0x0002e39c      0x2d3 ./Drivers/STM32H7xx_HAL_Driver/Src/stm32h7xx_hal_pwr_ex.o
 .debug_macro   0x0002e66f      0x2be ./Drivers/STM32H7xx_HAL_Driver/Src/stm32h7xx_hal_rcc.o
 .debug_macro   0x0002e92d      0x2b8 ./Drivers/STM32H7xx_HAL_Driver/Src/stm32h7xx_hal_rcc_ex.o
 .debug_macro   0x0002ebe5      0x2a2 ./Drivers/STM32H7xx_HAL_Driver/Src/stm32h7xx_hal_spi.o

.debug_line     0x00000000     0xc064
 .debug_line    0x00000000      0x9ba ./Core/Src/ADS8688.o
 .debug_line    0x000009ba      0xaa8 ./Core/Src/main.o
 .debug_line    0x00001462      0x94c ./Core/Src/stm32h7xx_hal_msp.o
 .debug_line    0x00001dae      0x956 ./Core/Src/stm32h7xx_it.o
 .debug_line    0x00002704      0xa9b ./Core/Src/system_stm32h7xx.o
 .debug_line    0x0000319f       0x7b ./Core/Startup/startup_stm32h7a3ritx.o
 .debug_line    0x0000321a      0xe8c ./Drivers/STM32H7xx_HAL_Driver/Src/stm32h7xx_hal.o
 .debug_line    0x000040a6      0xe69 ./Drivers/STM32H7xx_HAL_Driver/Src/stm32h7xx_hal_cortex.o
 .debug_line    0x00004f0f      0xd08 ./Drivers/STM32H7xx_HAL_Driver/Src/stm32h7xx_hal_gpio.o
 .debug_line    0x00005c17     0x103c ./Drivers/STM32H7xx_HAL_Driver/Src/stm32h7xx_hal_pwr_ex.o
 .debug_line    0x00006c53     0x14c1 ./Drivers/STM32H7xx_HAL_Driver/Src/stm32h7xx_hal_rcc.o
 .debug_line    0x00008114     0x1d3f ./Drivers/STM32H7xx_HAL_Driver/Src/stm32h7xx_hal_rcc_ex.o
 .debug_line    0x00009e53     0x2211 ./Drivers/STM32H7xx_HAL_Driver/Src/stm32h7xx_hal_spi.o

.debug_str      0x00000000   0x1302f0
 .debug_str     0x00000000   0x1302f0 ./Core/Src/ADS8688.o
                             0x12d2c5 (size before relaxing)
 .debug_str     0x001302f0   0x12d7eb ./Core/Src/main.o
 .debug_str     0x001302f0   0x12d29f ./Core/Src/stm32h7xx_hal_msp.o
 .debug_str     0x001302f0   0x12c693 ./Core/Src/stm32h7xx_it.o
 .debug_str     0x001302f0   0x12ca77 ./Core/Src/system_stm32h7xx.o
 .debug_str     0x001302f0       0x95 ./Core/Startup/startup_stm32h7a3ritx.o
 .debug_str     0x001302f0   0x12d90b ./Drivers/STM32H7xx_HAL_Driver/Src/stm32h7xx_hal.o
 .debug_str     0x001302f0   0x12d353 ./Drivers/STM32H7xx_HAL_Driver/Src/stm32h7xx_hal_cortex.o
 .debug_str     0x001302f0   0x12c9e8 ./Drivers/STM32H7xx_HAL_Driver/Src/stm32h7xx_hal_gpio.o
 .debug_str     0x001302f0   0x12cf6d ./Drivers/STM32H7xx_HAL_Driver/Src/stm32h7xx_hal_pwr_ex.o
 .debug_str     0x001302f0   0x12ce10 ./Drivers/STM32H7xx_HAL_Driver/Src/stm32h7xx_hal_rcc.o
 .debug_str     0x001302f0   0x12d2a5 ./Drivers/STM32H7xx_HAL_Driver/Src/stm32h7xx_hal_rcc_ex.o
 .debug_str     0x001302f0   0x12d102 ./Drivers/STM32H7xx_HAL_Driver/Src/stm32h7xx_hal_spi.o

.comment        0x00000000       0x43
 .comment       0x00000000       0x43 ./Core/Src/ADS8688.o
                                 0x44 (size before relaxing)
 .comment       0x00000043       0x44 ./Core/Src/main.o
 .comment       0x00000043       0x44 ./Core/Src/stm32h7xx_hal_msp.o
 .comment       0x00000043       0x44 ./Core/Src/stm32h7xx_it.o
 .comment       0x00000043       0x44 ./Core/Src/system_stm32h7xx.o
 .comment       0x00000043       0x44 ./Drivers/STM32H7xx_HAL_Driver/Src/stm32h7xx_hal.o
 .comment       0x00000043       0x44 ./Drivers/STM32H7xx_HAL_Driver/Src/stm32h7xx_hal_cortex.o
 .comment       0x00000043       0x44 ./Drivers/STM32H7xx_HAL_Driver/Src/stm32h7xx_hal_gpio.o
 .comment       0x00000043       0x44 ./Drivers/STM32H7xx_HAL_Driver/Src/stm32h7xx_hal_pwr_ex.o
 .comment       0x00000043       0x44 ./Drivers/STM32H7xx_HAL_Driver/Src/stm32h7xx_hal_rcc.o
 .comment       0x00000043       0x44 ./Drivers/STM32H7xx_HAL_Driver/Src/stm32h7xx_hal_rcc_ex.o
 .comment       0x00000043       0x44 ./Drivers/STM32H7xx_HAL_Driver/Src/stm32h7xx_hal_spi.o

.debug_frame    0x00000000     0x2558
 .debug_frame   0x00000000      0x138 ./Core/Src/ADS8688.o
 .debug_frame   0x00000138       0xe8 ./Core/Src/main.o
 .debug_frame   0x00000220       0x84 ./Core/Src/stm32h7xx_hal_msp.o
 .debug_frame   0x000002a4      0x104 ./Core/Src/stm32h7xx_it.o
 .debug_frame   0x000003a8       0x78 ./Core/Src/system_stm32h7xx.o
 .debug_frame   0x00000420      0x6a8 ./Drivers/STM32H7xx_HAL_Driver/Src/stm32h7xx_hal.o
 .debug_frame   0x00000ac8      0x508 ./Drivers/STM32H7xx_HAL_Driver/Src/stm32h7xx_hal_cortex.o
 .debug_frame   0x00000fd0      0x14c ./Drivers/STM32H7xx_HAL_Driver/Src/stm32h7xx_hal_gpio.o
 .debug_frame   0x0000111c      0x660 ./Drivers/STM32H7xx_HAL_Driver/Src/stm32h7xx_hal_pwr_ex.o
 .debug_frame   0x0000177c      0x1fc ./Drivers/STM32H7xx_HAL_Driver/Src/stm32h7xx_hal_rcc.o
 .debug_frame   0x00001978      0x3ec ./Drivers/STM32H7xx_HAL_Driver/Src/stm32h7xx_hal_rcc_ex.o
 .debug_frame   0x00001d64      0x7a8 ./Drivers/STM32H7xx_HAL_Driver/Src/stm32h7xx_hal_spi.o
 .debug_frame   0x0000250c       0x20 C:/ST/STM32CubeIDE_1.19.0/STM32CubeIDE/plugins/com.st.stm32cube.ide.mcu.externaltools.gnu-tools-for-stm32.13.3.rel1.win32_1.0.0.202411081344/tools/bin/../lib/gcc/arm-none-eabi/13.3.1/../../../../arm-none-eabi/lib/thumb/v7e-m+dp/hard\libc_nano.a(libc_a-memset.o)
 .debug_frame   0x0000252c       0x2c C:/ST/STM32CubeIDE_1.19.0/STM32CubeIDE/plugins/com.st.stm32cube.ide.mcu.externaltools.gnu-tools-for-stm32.13.3.rel1.win32_1.0.0.202411081344/tools/bin/../lib/gcc/arm-none-eabi/13.3.1/../../../../arm-none-eabi/lib/thumb/v7e-m+dp/hard\libc_nano.a(libc_a-init.o)

.debug_line_str
                0x00000000       0x79
 .debug_line_str
                0x00000000       0x79 ./Core/Startup/startup_stm32h7a3ritx.o
