Archive member included to satisfy reference by file (symbol)

C:/ST/STM32CubeIDE_1.19.0/STM32CubeIDE/plugins/com.st.stm32cube.ide.mcu.externaltools.gnu-tools-for-stm32.13.3.rel1.win32_1.0.0.202411081344/tools/bin/../lib/gcc/arm-none-eabi/13.3.1/../../../../arm-none-eabi/lib/thumb/v7e-m+dp/hard\libc_nano.a(libc_a-exit.o)
                              C:/ST/STM32CubeIDE_1.19.0/STM32CubeIDE/plugins/com.st.stm32cube.ide.mcu.externaltools.gnu-tools-for-stm32.13.3.rel1.win32_1.0.0.202411081344/tools/bin/../lib/gcc/arm-none-eabi/13.3.1/../../../../arm-none-eabi/lib/thumb/v7e-m+dp/hard/crt0.o (exit)
C:/ST/STM32CubeIDE_1.19.0/STM32CubeIDE/plugins/com.st.stm32cube.ide.mcu.externaltools.gnu-tools-for-stm32.13.3.rel1.win32_1.0.0.202411081344/tools/bin/../lib/gcc/arm-none-eabi/13.3.1/../../../../arm-none-eabi/lib/thumb/v7e-m+dp/hard\libc_nano.a(libc_a-findfp.o)
                              C:/ST/STM32CubeIDE_1.19.0/STM32CubeIDE/plugins/com.st.stm32cube.ide.mcu.externaltools.gnu-tools-for-stm32.13.3.rel1.win32_1.0.0.202411081344/tools/bin/../lib/gcc/arm-none-eabi/13.3.1/../../../../arm-none-eabi/lib/thumb/v7e-m+dp/hard\libc_nano.a(libc_a-exit.o) (__stdio_exit_handler)
C:/ST/STM32CubeIDE_1.19.0/STM32CubeIDE/plugins/com.st.stm32cube.ide.mcu.externaltools.gnu-tools-for-stm32.13.3.rel1.win32_1.0.0.202411081344/tools/bin/../lib/gcc/arm-none-eabi/13.3.1/../../../../arm-none-eabi/lib/thumb/v7e-m+dp/hard\libc_nano.a(libc_a-fwalk.o)
                              C:/ST/STM32CubeIDE_1.19.0/STM32CubeIDE/plugins/com.st.stm32cube.ide.mcu.externaltools.gnu-tools-for-stm32.13.3.rel1.win32_1.0.0.202411081344/tools/bin/../lib/gcc/arm-none-eabi/13.3.1/../../../../arm-none-eabi/lib/thumb/v7e-m+dp/hard\libc_nano.a(libc_a-findfp.o) (_fwalk_sglue)
C:/ST/STM32CubeIDE_1.19.0/STM32CubeIDE/plugins/com.st.stm32cube.ide.mcu.externaltools.gnu-tools-for-stm32.13.3.rel1.win32_1.0.0.202411081344/tools/bin/../lib/gcc/arm-none-eabi/13.3.1/../../../../arm-none-eabi/lib/thumb/v7e-m+dp/hard\libc_nano.a(libc_a-stdio.o)
                              C:/ST/STM32CubeIDE_1.19.0/STM32CubeIDE/plugins/com.st.stm32cube.ide.mcu.externaltools.gnu-tools-for-stm32.13.3.rel1.win32_1.0.0.202411081344/tools/bin/../lib/gcc/arm-none-eabi/13.3.1/../../../../arm-none-eabi/lib/thumb/v7e-m+dp/hard\libc_nano.a(libc_a-findfp.o) (__sread)
C:/ST/STM32CubeIDE_1.19.0/STM32CubeIDE/plugins/com.st.stm32cube.ide.mcu.externaltools.gnu-tools-for-stm32.13.3.rel1.win32_1.0.0.202411081344/tools/bin/../lib/gcc/arm-none-eabi/13.3.1/../../../../arm-none-eabi/lib/thumb/v7e-m+dp/hard\libc_nano.a(libc_a-memset.o)
                              C:/ST/STM32CubeIDE_1.19.0/STM32CubeIDE/plugins/com.st.stm32cube.ide.mcu.externaltools.gnu-tools-for-stm32.13.3.rel1.win32_1.0.0.202411081344/tools/bin/../lib/gcc/arm-none-eabi/13.3.1/../../../../arm-none-eabi/lib/thumb/v7e-m+dp/hard/crt0.o (memset)
C:/ST/STM32CubeIDE_1.19.0/STM32CubeIDE/plugins/com.st.stm32cube.ide.mcu.externaltools.gnu-tools-for-stm32.13.3.rel1.win32_1.0.0.202411081344/tools/bin/../lib/gcc/arm-none-eabi/13.3.1/../../../../arm-none-eabi/lib/thumb/v7e-m+dp/hard\libc_nano.a(libc_a-closer.o)
                              C:/ST/STM32CubeIDE_1.19.0/STM32CubeIDE/plugins/com.st.stm32cube.ide.mcu.externaltools.gnu-tools-for-stm32.13.3.rel1.win32_1.0.0.202411081344/tools/bin/../lib/gcc/arm-none-eabi/13.3.1/../../../../arm-none-eabi/lib/thumb/v7e-m+dp/hard\libc_nano.a(libc_a-stdio.o) (_close_r)
C:/ST/STM32CubeIDE_1.19.0/STM32CubeIDE/plugins/com.st.stm32cube.ide.mcu.externaltools.gnu-tools-for-stm32.13.3.rel1.win32_1.0.0.202411081344/tools/bin/../lib/gcc/arm-none-eabi/13.3.1/../../../../arm-none-eabi/lib/thumb/v7e-m+dp/hard\libc_nano.a(libc_a-reent.o)
                              C:/ST/STM32CubeIDE_1.19.0/STM32CubeIDE/plugins/com.st.stm32cube.ide.mcu.externaltools.gnu-tools-for-stm32.13.3.rel1.win32_1.0.0.202411081344/tools/bin/../lib/gcc/arm-none-eabi/13.3.1/../../../../arm-none-eabi/lib/thumb/v7e-m+dp/hard\libc_nano.a(libc_a-closer.o) (errno)
C:/ST/STM32CubeIDE_1.19.0/STM32CubeIDE/plugins/com.st.stm32cube.ide.mcu.externaltools.gnu-tools-for-stm32.13.3.rel1.win32_1.0.0.202411081344/tools/bin/../lib/gcc/arm-none-eabi/13.3.1/../../../../arm-none-eabi/lib/thumb/v7e-m+dp/hard\libc_nano.a(libc_a-impure.o)
                              C:/ST/STM32CubeIDE_1.19.0/STM32CubeIDE/plugins/com.st.stm32cube.ide.mcu.externaltools.gnu-tools-for-stm32.13.3.rel1.win32_1.0.0.202411081344/tools/bin/../lib/gcc/arm-none-eabi/13.3.1/../../../../arm-none-eabi/lib/thumb/v7e-m+dp/hard\libc_nano.a(libc_a-reent.o) (_impure_ptr)
C:/ST/STM32CubeIDE_1.19.0/STM32CubeIDE/plugins/com.st.stm32cube.ide.mcu.externaltools.gnu-tools-for-stm32.13.3.rel1.win32_1.0.0.202411081344/tools/bin/../lib/gcc/arm-none-eabi/13.3.1/../../../../arm-none-eabi/lib/thumb/v7e-m+dp/hard\libc_nano.a(libc_a-lseekr.o)
[...]
Memory Configuration

Name             Origin             Length             Attributes
ITCMRAM          0x00000000         0x00010000         xrw
FLASH            0x08000000         0x00200000         xr
DTCMRAM1         0x20000000         0x00010000         xrw
DTCMRAM2         0x20010000         0x00010000         xrw
RAM              0x24000000         0x00100000         xrw
RAM_CD           0x30000000         0x00020000         xrw
RAM_SRD          0x38000000         0x00008000         xrw
*default*        0x00000000         0xffffffff

Linker script and memory map

LOAD C:/ST/STM32CubeIDE_1.19.0/STM32CubeIDE/plugins/com.st.stm32cube.ide.mcu.externaltools.gnu-tools-for-stm32.13.3.rel1.win32_1.0.0.202411081344/tools/bin/../lib/gcc/arm-none-eabi/13.3.1/thumb/v7e-m+dp/hard/crti.o
LOAD C:/ST/STM32CubeIDE_1.19.0/STM32CubeIDE/plugins/com.st.stm32cube.ide.mcu.externaltools.gnu-tools-for-stm32.13.3.rel1.win32_1.0.0.202411081344/tools/bin/../lib/gcc/arm-none-eabi/13.3.1/thumb/v7e-m+dp/hard/crtbegin.o
LOAD C:/ST/STM32CubeIDE_1.19.0/STM32CubeIDE/plugins/com.st.stm32cube.ide.mcu.externaltools.gnu-tools-for-stm32.13.3.rel1.win32_1.0.0.202411081344/tools/bin/../lib/gcc/arm-none-eabi/13.3.1/../../../../arm-none-eabi/lib/thumb/v7e-m+dp/hard/crt0.o
LOAD ./Core/Src/ADS8688.o
LOAD ./Core/Src/main.o
LOAD ./Core/Src/stm32h7xx_hal_msp.o
LOAD ./Core/Src/stm32h7xx_it.o
LOAD ./Core/Src/syscalls.o
LOAD ./Core/Src/sysmem.o
LOAD ./Core/Src/system_stm32h7xx.o
LOAD ./Core/Startup/startup_stm32h7a3ritx.o
LOAD ./Drivers/STM32H7xx_HAL_Driver/Src/stm32h7xx_hal.o
LOAD ./Drivers/STM32H7xx_HAL_Driver/Src/stm32h7xx_hal_cortex.o
LOAD ./Drivers/STM32H7xx_HAL_Driver/Src/stm32h7xx_hal_dma.o
LOAD ./Drivers/STM32H7xx_HAL_Driver/Src/stm32h7xx_hal_dma_ex.o
LOAD ./Drivers/STM32H7xx_HAL_Driver/Src/stm32h7xx_hal_exti.o
LOAD ./Drivers/STM32H7xx_HAL_Driver/Src/stm32h7xx_hal_flash.o
LOAD ./Drivers/STM32H7xx_HAL_Driver/Src/stm32h7xx_hal_flash_ex.o
LOAD ./Drivers/STM32H7xx_HAL_Driver/Src/stm32h7xx_hal_gpio.o
LOAD ./Drivers/STM32H7xx_HAL_Driver/Src/stm32h7xx_hal_hsem.o
LOAD ./Drivers/STM32H7xx_HAL_Driver/Src/stm32h7xx_hal_i2c.o
LOAD ./Drivers/STM32H7xx_HAL_Driver/Src/stm32h7xx_hal_i2c_ex.o
LOAD ./Drivers/STM32H7xx_HAL_Driver/Src/stm32h7xx_hal_mdma.o
LOAD ./Drivers/STM32H7xx_HAL_Driver/Src/stm32h7xx_hal_pwr.o
LOAD ./Drivers/STM32H7xx_HAL_Driver/Src/stm32h7xx_hal_pwr_ex.o
LOAD ./Drivers/STM32H7xx_HAL_Driver/Src/stm32h7xx_hal_rcc.o
LOAD ./Drivers/STM32H7xx_HAL_Driver/Src/stm32h7xx_hal_rcc_ex.o
LOAD ./Drivers/STM32H7xx_HAL_Driver/Src/stm32h7xx_hal_spi.o
LOAD ./Drivers/STM32H7xx_HAL_Driver/Src/stm32h7xx_hal_spi_ex.o
LOAD ./Drivers/STM32H7xx_HAL_Driver/Src/stm32h7xx_hal_tim.o
LOAD ./Drivers/STM32H7xx_HAL_Driver/Src/stm32h7xx_hal_tim_ex.o
START GROUP
LOAD C:/ST/STM32CubeIDE_1.19.0/STM32CubeIDE/plugins/com.st.stm32cube.ide.mcu.externaltools.gnu-tools-for-stm32.13.3.rel1.win32_1.0.0.202411081344/tools/bin/../lib/gcc/arm-none-eabi/13.3.1/../../../../arm-none-eabi/lib/thumb/v7e-m+dp/hard\libc_nano.a
LOAD C:/ST/STM32CubeIDE_1.19.0/STM32CubeIDE/plugins/com.st.stm32cube.ide.mcu.externaltools.gnu-tools-for-stm32.13.3.rel1.win32_1.0.0.202411081344/tools/bin/../lib/gcc/arm-none-eabi/13.3.1/../../../../arm-none-eabi/lib/thumb/v7e-m+dp/hard\libm.a
END GROUP
START GROUP
LOAD C:/ST/STM32CubeIDE_1.19.0/STM32CubeIDE/plugins/com.st.stm32cube.ide.mcu.externaltools.gnu-tools-for-stm32.13.3.rel1.win32_1.0.0.202411081344/tools/bin/../lib/gcc/arm-none-eabi/13.3.1/thumb/v7e-m+dp/hard\libgcc.a
LOAD C:/ST/STM32CubeIDE_1.19.0/STM32CubeIDE/plugins/com.st.stm32cube.ide.mcu.externaltools.gnu-tools-for-stm32.13.3.rel1.win32_1.0.0.202411081344/tools/bin/../lib/gcc/arm-none-eabi/13.3.1/../../../../arm-none-eabi/lib/thumb/v7e-m+dp/hard\libc_nano.a
END GROUP
START GROUP
LOAD C:/ST/STM32CubeIDE_1.19.0/STM32CubeIDE/plugins/com.st.stm32cube.ide.mcu.externaltools.gnu-tools-for-stm32.13.3.rel1.win32_1.0.0.202411081344/tools/bin/../lib/gcc/arm-none-eabi/13.3.1/thumb/v7e-m+dp/hard\libgcc.a
LOAD C:/ST/STM32CubeIDE_1.19.0/STM32CubeIDE/plugins/com.st.stm32cube.ide.mcu.externaltools.gnu-tools-for-stm32.13.3.rel1.win32_1.0.0.202411081344/tools/bin/../lib/gcc/arm-none-eabi/13.3.1/../../../../arm-none-eabi/lib/thumb/v7e-m+dp/hard\libc_nano.a
LOAD C:/ST/STM32CubeIDE_1.19.0/STM32CubeIDE/plugins/com.st.stm32cube.ide.mcu.externaltools.gnu-tools-for-stm32.13.3.rel1.win32_1.0.0.202411081344/tools/bin/../lib/gcc/arm-none-eabi/13.3.1/../../../../arm-none-eabi/lib/thumb/v7e-m+dp/hard\libnosys.a
END GROUP
START GROUP
LOAD C:/ST/STM32CubeIDE_1.19.0/STM32CubeIDE/plugins/com.st.stm32cube.ide.mcu.externaltools.gnu-tools-for-stm32.13.3.rel1.win32_1.0.0.202411081344/tools/bin/../lib/gcc/arm-none-eabi/13.3.1/thumb/v7e-m+dp/hard\libgcc.a
LOAD C:/ST/STM32CubeIDE_1.19.0/STM32CubeIDE/plugins/com.st.stm32cube.ide.mcu.externaltools.gnu-tools-for-stm32.13.3.rel1.win32_1.0.0.202411081344/tools/bin/../lib/gcc/arm-none-eabi/13.3.1/../../../../arm-none-eabi/lib/thumb/v7e-m+dp/hard\libc_nano.a
LOAD C:/ST/STM32CubeIDE_1.19.0/STM32CubeIDE/plugins/com.st.stm32cube.ide.mcu.externaltools.gnu-tools-for-stm32.13.3.rel1.win32_1.0.0.202411081344/tools/bin/../lib/gcc/arm-none-eabi/13.3.1/../../../../arm-none-eabi/lib/thumb/v7e-m+dp/hard\libnosys.a
END GROUP
LOAD C:/ST/STM32CubeIDE_1.19.0/STM32CubeIDE/plugins/com.st.stm32cube.ide.mcu.externaltools.gnu-tools-for-stm32.13.3.rel1.win32_1.0.0.202411081344/tools/bin/../lib/gcc/arm-none-eabi/13.3.1/thumb/v7e-m+dp/hard/crtend.o
LOAD C:/ST/STM32CubeIDE_1.19.0/STM32CubeIDE/plugins/com.st.stm32cube.ide.mcu.externaltools.gnu-tools-for-stm32.13.3.rel1.win32_1.0.0.202411081344/tools/bin/../lib/gcc/arm-none-eabi/13.3.1/thumb/v7e-m+dp/hard/crtn.o
                0x24100000                        _estack = (ORIGIN (RAM) + LENGTH (RAM))
                0x00000200                        _Min_Heap_Size = 0x200
                0x00000400                        _Min_Stack_Size = 0x400

.isr_vector     0x08000000      0x2ac
                0x08000000                        . = ALIGN (0x4)
 *(.isr_vector)
 .isr_vector    0x08000000      0x2ac ./Core/Startup/startup_stm32h7a3ritx.o
                0x08000000                g_pfnVectors
                0x080002ac                        . = ALIGN (0x4)

.text           0x080002ac     0x5c18
                0x080002ac                        . = ALIGN (0x4)
 *(.text)
 .text          0x080002ac       0x40 C:/ST/STM32CubeIDE_1.19.0/STM32CubeIDE/plugins/com.st.stm32cube.ide.mcu.externaltools.gnu-tools-for-stm32.13.3.rel1.win32_1.0.0.202411081344/tools/bin/../lib/gcc/arm-none-eabi/13.3.1/thumb/v7e-m+dp/hard/crtbegin.o
 *(.text*)
 .text.ADS8688_Write_Command
                0x080002ec       0x4e ./Core/Src/ADS8688.o
                0x080002ec                ADS8688_Write_Command
 .text.ADS8688_Write_Register
                0x0800033a       0x64 ./Core/Src/ADS8688.o
                0x0800033a                ADS8688_Write_Register
 .text.ADS8688_Init_Sequence
                0x0800039e       0x84 ./Core/Src/ADS8688.o
                0x0800039e                ADS8688_Init_Sequence
 .text.ADS8688_Config_AutoScan
                0x08000422       0x96 ./Core/Src/ADS8688.o
                0x08000422                ADS8688_Config_AutoScan
 .text.ADS8688_Read_All_Auto
                0x080004b8       0xa8 ./Core/Src/ADS8688.o
                0x080004b8                ADS8688_Read_All_Auto
 .text.main     0x08000560       0x88 ./Core/Src/main.o
                0x08000560                main
 .text.SystemClock_Config
                0x080005e8       0xec ./Core/Src/main.o
                0x080005e8                SystemClock_Config
 .text.MX_SPI1_Init
                0x080006d4       0xac ./Core/Src/main.o
 .text.MX_SPI2_Init
                0x08000780       0xac ./Core/Src/main.o
 .text.MX_TIM2_Init
                0x0800082c       0x98 ./Core/Src/main.o
 .text.MX_GPIO_Init
                0x080008c4      0x128 ./Core/Src/main.o
 .text.HAL_TIM_PeriodElapsedCallback
                0x080009ec      0x15c ./Core/Src/main.o
                0x080009ec                HAL_TIM_PeriodElapsedCallback
 .text.MPU_Config
                0x08000b48       0x58 ./Core/Src/main.o
 .text.Error_Handler
                0x08000ba0        0xc ./Core/Src/main.o
                0x08000ba0                Error_Handler
 .text.HAL_MspInit
                0x08000bac       0x34 ./Core/Src/stm32h7xx_hal_msp.o
                0x08000bac                HAL_MspInit
 .text.HAL_SPI_MspInit
                0x08000be0      0x180 ./Core/Src/stm32h7xx_hal_msp.o
                0x08000be0                HAL_SPI_MspInit
 .text.HAL_TIM_Base_MspInit
                0x08000d60       0x4c ./Core/Src/stm32h7xx_hal_msp.o
                0x08000d60                HAL_TIM_Base_MspInit
 .text.NMI_Handler
                0x08000dac        0x8 ./Core/Src/stm32h7xx_it.o
                0x08000dac                NMI_Handler
 .text.HardFault_Handler
                0x08000db4        0x8 ./Core/Src/stm32h7xx_it.o
                0x08000db4                HardFault_Handler
 .text.MemManage_Handler
                0x08000dbc        0x8 ./Core/Src/stm32h7xx_it.o
                0x08000dbc                MemManage_Handler
 .text.BusFault_Handler
                0x08000dc4        0x8 ./Core/Src/stm32h7xx_it.o
                0x08000dc4                BusFault_Handler
 .text.UsageFault_Handler
                0x08000dcc        0x8 ./Core/Src/stm32h7xx_it.o
                0x08000dcc                UsageFault_Handler
 .text.SVC_Handler
                0x08000dd4        0xe ./Core/Src/stm32h7xx_it.o
                0x08000dd4                SVC_Handler
 .text.DebugMon_Handler
                0x08000de2        0xe ./Core/Src/stm32h7xx_it.o
                0x08000de2                DebugMon_Handler
 .text.PendSV_Handler
                0x08000df0        0xe ./Core/Src/stm32h7xx_it.o
                0x08000df0                PendSV_Handler
 .text.SysTick_Handler
                0x08000dfe        0xc ./Core/Src/stm32h7xx_it.o
                0x08000dfe                SysTick_Handler
 *fill*         0x08000e0a        0x2 
 .text.TIM2_IRQHandler
                0x08000e0c       0x14 ./Core/Src/stm32h7xx_it.o
                0x08000e0c                TIM2_IRQHandler
 .text.SPI1_IRQHandler
                0x08000e20       0x14 ./Core/Src/stm32h7xx_it.o
                0x08000e20                SPI1_IRQHandler
 .text.SystemInit
                0x08000e34      0x120 ./Core/Src/system_stm32h7xx.o
                0x08000e34                SystemInit
 .text.ExitRun0Mode
                0x08000f54       0x30 ./Core/Src/system_stm32h7xx.o
                0x08000f54                ExitRun0Mode
 .text.Reset_Handler
                0x08000f84       0x54 ./Core/Startup/startup_stm32h7a3ritx.o
                0x08000f84                Reset_Handler
 .text.Default_Handler
                0x08000fd8        0x2 ./Core/Startup/startup_stm32h7a3ritx.o
                0x08000fd8                RTC_Alarm_IRQHandler
                0x08000fd8                EXTI2_IRQHandler
                0x08000fd8                TIM8_CC_IRQHandler
                0x08000fd8                UART8_IRQHandler
                0x08000fd8                BDMA2_Channel1_IRQHandler
                0x08000fd8                SPI4_IRQHandler
                0x08000fd8                BDMA2_Channel0_IRQHandler
                0x08000fd8                TIM1_CC_IRQHandler
                0x08000fd8                DMA2_Stream5_IRQHandler
                0x08000fd8                JPEG_IRQHandler
                0x08000fd8                DMA1_Stream5_IRQHandler
                0x08000fd8                EXTI3_IRQHandler
                0x08000fd8                LPTIM4_IRQHandler
                0x08000fd8                TIM8_TRG_COM_TIM14_IRQHandler
                0x08000fd8                LPTIM2_IRQHandler
                0x08000fd8                DFSDM1_FLT1_IRQHandler
                0x08000fd8                DMAMUX2_OVR_IRQHandler
                0x08000fd8                GFXMMU_IRQHandler
                0x08000fd8                TIM8_UP_TIM13_IRQHandler
                0x08000fd8                I2C3_ER_IRQHandler
                0x08000fd8                DFSDM1_FLT2_IRQHandler
                0x08000fd8                USART10_IRQHandler
                0x08000fd8                MDMA_IRQHandler
                0x08000fd8                LPTIM3_IRQHandler
                0x08000fd8                BDMA2_Channel3_IRQHandler
                0x08000fd8                HSEM1_IRQHandler
                0x08000fd8                EXTI0_IRQHandler
                0x08000fd8                I2C2_EV_IRQHandler
                0x08000fd8                DAC2_IRQHandler
                0x08000fd8                DMA1_Stream2_IRQHandler
                0x08000fd8                FPU_IRQHandler
                0x08000fd8                OTG_HS_WKUP_IRQHandler
                0x08000fd8                FDCAN1_IT1_IRQHandler
                0x08000fd8                LTDC_ER_IRQHandler
                0x08000fd8                DMA2_Stream2_IRQHandler
                0x08000fd8                OCTOSPI1_IRQHandler
                0x08000fd8                TIM6_DAC_IRQHandler
                0x08000fd8                BDMA2_Channel6_IRQHandler
                0x08000fd8                DMA2_Stream3_IRQHandler
                0x08000fd8                OCTOSPI2_IRQHandler
                0x08000fd8                SAI2_IRQHandler
                0x08000fd8                BDMA1_IRQHandler
                0x08000fd8                DFSDM1_FLT3_IRQHandler
                0x08000fd8                USART6_IRQHandler
                0x08000fd8                TIM17_IRQHandler
                0x08000fd8                USART3_IRQHandler
                0x08000fd8                LPTIM5_IRQHandler
                0x08000fd8                UART5_IRQHandler
                0x08000fd8                DMA2_Stream0_IRQHandler
                0x08000fd8                TIM4_IRQHandler
                0x08000fd8                I2C1_EV_IRQHandler
                0x08000fd8                DMA1_Stream6_IRQHandler
                0x08000fd8                DMAMUX1_OVR_IRQHandler
                0x08000fd8                DMA1_Stream1_IRQHandler
                0x08000fd8                TIM16_IRQHandler
                0x08000fd8                UART4_IRQHandler
                0x08000fd8                TIM3_IRQHandler
                0x08000fd8                RCC_IRQHandler
                0x08000fd8                UART9_IRQHandler
                0x08000fd8                TIM8_BRK_TIM12_IRQHandler
                0x08000fd8                TIM1_TRG_COM_IRQHandler
                0x08000fd8                Default_Handler
                0x08000fd8                ECC_IRQHandler
                0x08000fd8                BDMA2_Channel2_IRQHandler
                0x08000fd8                CEC_IRQHandler
                0x08000fd8                EXTI15_10_IRQHandler
                0x08000fd8                DFSDM1_FLT4_IRQHandler
                0x08000fd8                ADC_IRQHandler
                0x08000fd8                DMA1_Stream7_IRQHandler
                0x08000fd8                SPI5_IRQHandler
                0x08000fd8                TIM7_IRQHandler
                0x08000fd8                SDMMC1_IRQHandler
                0x08000fd8                TIM5_IRQHandler
                0x08000fd8                DMA2_Stream7_IRQHandler
                0x08000fd8                TIM15_IRQHandler
                0x08000fd8                I2C3_EV_IRQHandler
                0x08000fd8                DFSDM2_IRQHandler
                0x08000fd8                EXTI9_5_IRQHandler
                0x08000fd8                RTC_WKUP_IRQHandler
                0x08000fd8                LTDC_IRQHandler
                0x08000fd8                SPDIF_RX_IRQHandler
                0x08000fd8                PVD_PVM_IRQHandler
                0x08000fd8                SPI2_IRQHandler
                0x08000fd8                OTG_HS_EP1_IN_IRQHandler
                0x08000fd8                DFSDM1_FLT5_IRQHandler
                0x08000fd8                DMA1_Stream0_IRQHandler
                0x08000fd8                CRS_IRQHandler
                0x08000fd8                EXTI4_IRQHandler
                0x08000fd8                DFSDM1_FLT6_IRQHandler
                0x08000fd8                RNG_IRQHandler
                0x08000fd8                FDCAN2_IT1_IRQHandler
                0x08000fd8                COMP_IRQHandler
                0x08000fd8                TIM1_UP_IRQHandler
                0x08000fd8                OTG_HS_EP1_OUT_IRQHandler
                0x08000fd8                WWDG_IRQHandler
                0x08000fd8                SPI6_IRQHandler
                0x08000fd8                MDIOS_IRQHandler
                0x08000fd8                I2C4_EV_IRQHandler
                0x08000fd8                FDCAN2_IT0_IRQHandler
                0x08000fd8                LPUART1_IRQHandler
                0x08000fd8                FDCAN1_IT0_IRQHandler
                0x08000fd8                BDMA2_Channel5_IRQHandler
                0x08000fd8                OTG_HS_IRQHandler
                0x08000fd8                DMA2D_IRQHandler
                0x08000fd8                TIM1_BRK_IRQHandler
                0x08000fd8                EXTI1_IRQHandler
                0x08000fd8                SDMMC2_IRQHandler
                0x08000fd8                DTS_IRQHandler
                0x08000fd8                UART7_IRQHandler
                0x08000fd8                MDIOS_WKUP_IRQHandler
                0x08000fd8                USART2_IRQHandler
                0x08000fd8                DFSDM1_FLT0_IRQHandler
                0x08000fd8                I2C2_ER_IRQHandler
                0x08000fd8                DMA2_Stream1_IRQHandler
                0x08000fd8                DFSDM1_FLT7_IRQHandler
                0x08000fd8                FLASH_IRQHandler
                0x08000fd8                DMA2_Stream4_IRQHandler
                0x08000fd8                USART1_IRQHandler
                0x08000fd8                SPI3_IRQHandler
                0x08000fd8                WAKEUP_PIN_IRQHandler
                0x08000fd8                DMA1_Stream4_IRQHandler
                0x08000fd8                I2C1_ER_IRQHandler
                0x08000fd8                FMC_IRQHandler
                0x08000fd8                BDMA2_Channel7_IRQHandler
                0x08000fd8                FDCAN_CAL_IRQHandler
                0x08000fd8                SWPMI1_IRQHandler
                0x08000fd8                LPTIM1_IRQHandler
                0x08000fd8                DCMI_PSSI_IRQHandler
                0x08000fd8                I2C4_ER_IRQHandler
                0x08000fd8                DMA2_Stream6_IRQHandler
                0x08000fd8                SAI1_IRQHandler
                0x08000fd8                DMA1_Stream3_IRQHandler
                0x08000fd8                RTC_TAMP_STAMP_CSS_LSE_IRQHandler
                0x08000fd8                BDMA2_Channel4_IRQHandler
 *fill*         0x08000fda        0x2 
 .text.HAL_Init
                0x08000fdc       0x78 ./Drivers/STM32H7xx_HAL_Driver/Src/stm32h7xx_hal.o
                0x08000fdc                HAL_Init
 .text.HAL_InitTick
                0x08001054       0x6c ./Drivers/STM32H7xx_HAL_Driver/Src/stm32h7xx_hal.o
                0x08001054                HAL_InitTick
 .text.HAL_IncTick
                0x080010c0       0x28 ./Drivers/STM32H7xx_HAL_Driver/Src/stm32h7xx_hal.o
                0x080010c0                HAL_IncTick
 .text.HAL_GetTick
                0x080010e8       0x18 ./Drivers/STM32H7xx_HAL_Driver/Src/stm32h7xx_hal.o
                0x080010e8                HAL_GetTick
 .text.HAL_Delay
                0x08001100       0x48 ./Drivers/STM32H7xx_HAL_Driver/Src/stm32h7xx_hal.o
                0x08001100                HAL_Delay
 .text.__NVIC_SetPriorityGrouping
                0x08001148       0x48 ./Drivers/STM32H7xx_HAL_Driver/Src/stm32h7xx_hal_cortex.o
 .text.__NVIC_GetPriorityGrouping
                0x08001190       0x1c ./Drivers/STM32H7xx_HAL_Driver/Src/stm32h7xx_hal_cortex.o
 .text.__NVIC_EnableIRQ
                0x080011ac       0x3c ./Drivers/STM32H7xx_HAL_Driver/Src/stm32h7xx_hal_cortex.o
 .text.__NVIC_SetPriority
                0x080011e8       0x54 ./Drivers/STM32H7xx_HAL_Driver/Src/stm32h7xx_hal_cortex.o
 .text.NVIC_EncodePriority
                0x0800123c       0x66 ./Drivers/STM32H7xx_HAL_Driver/Src/stm32h7xx_hal_cortex.o
 *fill*         0x080012a2        0x2 
 .text.SysTick_Config
                0x080012a4       0x44 ./Drivers/STM32H7xx_HAL_Driver/Src/stm32h7xx_hal_cortex.o
 .text.HAL_NVIC_SetPriorityGrouping
                0x080012e8       0x16 ./Drivers/STM32H7xx_HAL_Driver/Src/stm32h7xx_hal_cortex.o
                0x080012e8                HAL_NVIC_SetPriorityGrouping
 .text.HAL_NVIC_SetPriority
                0x080012fe       0x34 ./Drivers/STM32H7xx_HAL_Driver/Src/stm32h7xx_hal_cortex.o
                0x080012fe                HAL_NVIC_SetPriority
 .text.HAL_NVIC_EnableIRQ
                0x08001332       0x1c ./Drivers/STM32H7xx_HAL_Driver/Src/stm32h7xx_hal_cortex.o
                0x08001332                HAL_NVIC_EnableIRQ
 .text.HAL_SYSTICK_Config
                0x0800134e       0x18 ./Drivers/STM32H7xx_HAL_Driver/Src/stm32h7xx_hal_cortex.o
                0x0800134e                HAL_SYSTICK_Config
 *fill*         0x08001366        0x2 
 .text.HAL_MPU_Disable
                0x08001368       0x30 ./Drivers/STM32H7xx_HAL_Driver/Src/stm32h7xx_hal_cortex.o
                0x08001368                HAL_MPU_Disable
 .text.HAL_MPU_Enable
                0x08001398       0x40 ./Drivers/STM32H7xx_HAL_Driver/Src/stm32h7xx_hal_cortex.o
                0x08001398                HAL_MPU_Enable
 .text.HAL_MPU_ConfigRegion
                0x080013d8       0x80 ./Drivers/STM32H7xx_HAL_Driver/Src/stm32h7xx_hal_cortex.o
                0x080013d8                HAL_MPU_ConfigRegion
 .text.HAL_DMA_Abort_IT
                0x08001458      0x48c ./Drivers/STM32H7xx_HAL_Driver/Src/stm32h7xx_hal_dma.o
                0x08001458                HAL_DMA_Abort_IT
 .text.HAL_GPIO_Init
                0x080018e4      0x360 ./Drivers/STM32H7xx_HAL_Driver/Src/stm32h7xx_hal_gpio.o
                0x080018e4                HAL_GPIO_Init
 .text.HAL_GPIO_WritePin
                0x08001c44       0x32 ./Drivers/STM32H7xx_HAL_Driver/Src/stm32h7xx_hal_gpio.o
                0x08001c44                HAL_GPIO_WritePin
 *fill*         0x08001c76        0x2 
 .text.HAL_PWREx_ConfigSupply
                0x08001c78       0x74 ./Drivers/STM32H7xx_HAL_Driver/Src/stm32h7xx_hal_pwr_ex.o
                0x08001c78                HAL_PWREx_ConfigSupply
 .text.HAL_RCC_OscConfig
                0x08001cec      0x864 ./Drivers/STM32H7xx_HAL_Driver/Src/stm32h7xx_hal_rcc.o
                0x08001cec                HAL_RCC_OscConfig
 .text.HAL_RCC_ClockConfig
                0x08002550      0x36c ./Drivers/STM32H7xx_HAL_Driver/Src/stm32h7xx_hal_rcc.o
                0x08002550                HAL_RCC_ClockConfig
 .text.HAL_RCC_GetSysClockFreq
                0x080028bc      0x2f4 ./Drivers/STM32H7xx_HAL_Driver/Src/stm32h7xx_hal_rcc.o
                0x080028bc                HAL_RCC_GetSysClockFreq
 .text.HAL_RCCEx_PeriphCLKConfig
                0x08002bb0     0x137c ./Drivers/STM32H7xx_HAL_Driver/Src/stm32h7xx_hal_rcc_ex.o
                0x08002bb0                HAL_RCCEx_PeriphCLKConfig
 .text.RCCEx_PLL2_Config
                0x08003f2c      0x164 ./Drivers/STM32H7xx_HAL_Driver/Src/stm32h7xx_hal_rcc_ex.o
 .text.RCCEx_PLL3_Config
                0x08004090      0x164 ./Drivers/STM32H7xx_HAL_Driver/Src/stm32h7xx_hal_rcc_ex.o
 .text.HAL_SPI_Init
                0x080041f4      0x248 ./Drivers/STM32H7xx_HAL_Driver/Src/stm32h7xx_hal_spi.o
                0x080041f4                HAL_SPI_Init
 .text.HAL_SPI_Transmit
                0x0800443c      0x3dc ./Drivers/STM32H7xx_HAL_Driver/Src/stm32h7xx_hal_spi.o
                0x0800443c                HAL_SPI_Transmit
 .text.HAL_SPI_TransmitReceive
                0x08004818      0x674 ./Drivers/STM32H7xx_HAL_Driver/Src/stm32h7xx_hal_spi.o
                0x08004818                HAL_SPI_TransmitReceive
 .text.HAL_SPI_IRQHandler
                0x08004e8c      0x39c ./Drivers/STM32H7xx_HAL_Driver/Src/stm32h7xx_hal_spi.o
                0x08004e8c                HAL_SPI_IRQHandler
 .text.HAL_SPI_TxCpltCallback
                0x08005228       0x14 ./Drivers/STM32H7xx_HAL_Driver/Src/stm32h7xx_hal_spi.o
                0x08005228                HAL_SPI_TxCpltCallback
 .text.HAL_SPI_RxCpltCallback
                0x0800523c       0x14 ./Drivers/STM32H7xx_HAL_Driver/Src/stm32h7xx_hal_spi.o
                0x0800523c                HAL_SPI_RxCpltCallback
 .text.HAL_SPI_TxRxCpltCallback
                0x08005250       0x14 ./Drivers/STM32H7xx_HAL_Driver/Src/stm32h7xx_hal_spi.o
                0x08005250                HAL_SPI_TxRxCpltCallback
 .text.HAL_SPI_ErrorCallback
                0x08005264       0x14 ./Drivers/STM32H7xx_HAL_Driver/Src/stm32h7xx_hal_spi.o
                0x08005264                HAL_SPI_ErrorCallback
 .text.HAL_SPI_SuspendCallback
                0x08005278       0x14 ./Drivers/STM32H7xx_HAL_Driver/Src/stm32h7xx_hal_spi.o
                0x08005278                HAL_SPI_SuspendCallback
 .text.SPI_DMAAbortOnError
                0x0800528c       0x34 ./Drivers/STM32H7xx_HAL_Driver/Src/stm32h7xx_hal_spi.o
 .text.SPI_CloseTransfer
                0x080052c0      0x140 ./Drivers/STM32H7xx_HAL_Driver/Src/stm32h7xx_hal_spi.o
 .text.SPI_WaitOnFlagUntilTimeout
                0x08005400       0x5c ./Drivers/STM32H7xx_HAL_Driver/Src/stm32h7xx_hal_spi.o
 .text.SPI_GetPacketSize
                0x0800545c       0x36 ./Drivers/STM32H7xx_HAL_Driver/Src/stm32h7xx_hal_spi.o
 .text.HAL_TIM_Base_Init
                0x08005492       0xae ./Drivers/STM32H7xx_HAL_Driver/Src/stm32h7xx_hal_tim.o
                0x08005492                HAL_TIM_Base_Init
 .text.HAL_TIM_Base_Start_IT
                0x08005540       0xf0 ./Drivers/STM32H7xx_HAL_Driver/Src/stm32h7xx_hal_tim.o
                0x08005540                HAL_TIM_Base_Start_IT
 .text.HAL_TIM_IRQHandler
                0x08005630      0x20e ./Drivers/STM32H7xx_HAL_Driver/Src/stm32h7xx_hal_tim.o
                0x08005630                HAL_TIM_IRQHandler
 *fill*         0x0800583e        0x2 
 .text.HAL_TIM_ConfigClockSource
                0x08005840      0x1f0 ./Drivers/STM32H7xx_HAL_Driver/Src/stm32h7xx_hal_tim.o
                0x08005840                HAL_TIM_ConfigClockSource
 .text.HAL_TIM_OC_DelayElapsedCallback
                0x08005a30       0x14 ./Drivers/STM32H7xx_HAL_Driver/Src/stm32h7xx_hal_tim.o
                0x08005a30                HAL_TIM_OC_DelayElapsedCallback
 .text.HAL_TIM_IC_CaptureCallback
                0x08005a44       0x14 ./Drivers/STM32H7xx_HAL_Driver/Src/stm32h7xx_hal_tim.o
                0x08005a44                HAL_TIM_IC_CaptureCallback
 .text.HAL_TIM_PWM_PulseFinishedCallback
                0x08005a58       0x14 ./Drivers/STM32H7xx_HAL_Driver/Src/stm32h7xx_hal_tim.o
                0x08005a58                HAL_TIM_PWM_PulseFinishedCallback
 .text.HAL_TIM_TriggerCallback
                0x08005a6c       0x14 ./Drivers/STM32H7xx_HAL_Driver/Src/stm32h7xx_hal_tim.o
                0x08005a6c                HAL_TIM_TriggerCallback
 .text.TIM_Base_SetConfig
                0x08005a80      0x140 ./Drivers/STM32H7xx_HAL_Driver/Src/stm32h7xx_hal_tim.o
                0x08005a80                TIM_Base_SetConfig
 .text.TIM_TI1_ConfigInputStage
                0x08005bc0       0x5e ./Drivers/STM32H7xx_HAL_Driver/Src/stm32h7xx_hal_tim.o
 .text.TIM_TI2_ConfigInputStage
                0x08005c1e       0x60 ./Drivers/STM32H7xx_HAL_Driver/Src/stm32h7xx_hal_tim.o
 *fill*         0x08005c7e        0x2 
 .text.TIM_ITRx_SetConfig
                0x08005c80       0x3c ./Drivers/STM32H7xx_HAL_Driver/Src/stm32h7xx_hal_tim.o
 .text.TIM_ETR_SetConfig
                0x08005cbc       0x40 ./Drivers/STM32H7xx_HAL_Driver/Src/stm32h7xx_hal_tim.o
                0x08005cbc                TIM_ETR_SetConfig
 .text.HAL_TIMEx_MasterConfigSynchronization
                0x08005cfc      0x11c ./Drivers/STM32H7xx_HAL_Driver/Src/stm32h7xx_hal_tim_ex.o
                0x08005cfc                HAL_TIMEx_MasterConfigSynchronization
 .text.HAL_TIMEx_CommutCallback
                0x08005e18       0x14 ./Drivers/STM32H7xx_HAL_Driver/Src/stm32h7xx_hal_tim_ex.o
                0x08005e18                HAL_TIMEx_CommutCallback
 .text.HAL_TIMEx_BreakCallback
                0x08005e2c       0x14 ./Drivers/STM32H7xx_HAL_Driver/Src/stm32h7xx_hal_tim_ex.o
                0x08005e2c                HAL_TIMEx_BreakCallback
 .text.HAL_TIMEx_Break2Callback
                0x08005e40       0x14 ./Drivers/STM32H7xx_HAL_Driver/Src/stm32h7xx_hal_tim_ex.o
                0x08005e40                HAL_TIMEx_Break2Callback
 .text.memset   0x08005e54       0x10 C:/ST/STM32CubeIDE_1.19.0/STM32CubeIDE/plugins/com.st.stm32cube.ide.mcu.externaltools.gnu-tools-for-stm32.13.3.rel1.win32_1.0.0.202411081344/tools/bin/../lib/gcc/arm-none-eabi/13.3.1/../../../../arm-none-eabi/lib/thumb/v7e-m+dp/hard\libc_nano.a(libc_a-memset.o)
                0x08005e54                memset
 .text.__libc_init_array
                0x08005e64       0x48 C:/ST/STM32CubeIDE_1.19.0/STM32CubeIDE/plugins/com.st.stm32cube.ide.mcu.externaltools.gnu-tools-for-stm32.13.3.rel1.win32_1.0.0.202411081344/tools/bin/../lib/gcc/arm-none-eabi/13.3.1/../../../../arm-none-eabi/lib/thumb/v7e-m+dp/hard\libc_nano.a(libc_a-init.o)
                0x08005e64                __libc_init_array
 *(.glue_7)
 .glue_7        0x08005eac        0x0 linker stubs
 *(.glue_7t)
 .glue_7t       0x08005eac        0x0 linker stubs
 *(.eh_frame)
 .eh_frame      0x08005eac        0x0 C:/ST/STM32CubeIDE_1.19.0/STM32CubeIDE/plugins/com.st.stm32cube.ide.mcu.externaltools.gnu-tools-for-stm32.13.3.rel1.win32_1.0.0.202411081344/tools/bin/../lib/gcc/arm-none-eabi/13.3.1/thumb/v7e-m+dp/hard/crtbegin.o
 *(.init)
 .init          0x08005eac        0x4 C:/ST/STM32CubeIDE_1.19.0/STM32CubeIDE/plugins/com.st.stm32cube.ide.mcu.externaltools.gnu-tools-for-stm32.13.3.rel1.win32_1.0.0.202411081344/tools/bin/../lib/gcc/arm-none-eabi/13.3.1/thumb/v7e-m+dp/hard/crti.o
                0x08005eac                _init
 .init          0x08005eb0        0x8 C:/ST/STM32CubeIDE_1.19.0/STM32CubeIDE/plugins/com.st.stm32cube.ide.mcu.externaltools.gnu-tools-for-stm32.13.3.rel1.win32_1.0.0.202411081344/tools/bin/../lib/gcc/arm-none-eabi/13.3.1/thumb/v7e-m+dp/hard/crtn.o
 *(.fini)
 .fini          0x08005eb8        0x4 C:/ST/STM32CubeIDE_1.19.0/STM32CubeIDE/plugins/com.st.stm32cube.ide.mcu.externaltools.gnu-tools-for-stm32.13.3.rel1.win32_1.0.0.202411081344/tools/bin/../lib/gcc/arm-none-eabi/13.3.1/thumb/v7e-m+dp/hard/crti.o
                0x08005eb8                _fini
 .fini          0x08005ebc        0x8 C:/ST/STM32CubeIDE_1.19.0/STM32CubeIDE/plugins/com.st.stm32cube.ide.mcu.externaltools.gnu-tools-for-stm32.13.3.rel1.win32_1.0.0.202411081344/tools/bin/../lib/gcc/arm-none-eabi/13.3.1/thumb/v7e-m+dp/hard/crtn.o
                0x08005ec4                        . = ALIGN (0x4)
                0x08005ec4                        _etext = .

.vfp11_veneer   0x08005ec4        0x0
 .vfp11_veneer  0x08005ec4        0x0 linker stubs

.v4_bx          0x08005ec4        0x0
 .v4_bx         0x08005ec4        0x0 linker stubs

.iplt           0x08005ec4        0x0
 .iplt          0x08005ec4        0x0 C:/ST/STM32CubeIDE_1.19.0/STM32CubeIDE/plugins/com.st.stm32cube.ide.mcu.externaltools.gnu-tools-for-stm32.13.3.rel1.win32_1.0.0.202411081344/tools/bin/../lib/gcc/arm-none-eabi/13.3.1/thumb/v7e-m+dp/hard/crtbegin.o

.rodata         0x08005ec4       0x10
                0x08005ec4                        . = ALIGN (0x4)
 *(.rodata)
 *(.rodata*)
 .rodata.D1CorePrescTable
                0x08005ec4       0x10 ./Core/Src/system_stm32h7xx.o
                0x08005ec4                D1CorePrescTable
                0x08005ed4                        . = ALIGN (0x4)

.ARM.extab
 *(.ARM.extab* .gnu.linkonce.armextab.*)

.ARM            0x08005ed4        0x0
                0x08005ed4                        __exidx_start = .
 *(.ARM.exidx*)
                0x08005ed4                        __exidx_end = .

.preinit_array  0x08005ed4        0x0
                0x08005ed4                        PROVIDE (__preinit_array_start = .)
 *(.preinit_array*)
                0x08005ed4                        PROVIDE (__preinit_array_end = .)

.init_array     0x08005ed4        0x4
                0x08005ed4                        PROVIDE (__init_array_start = .)
 *(SORT_BY_NAME(.init_array.*))
 *(.init_array*)
 .init_array    0x08005ed4        0x4 C:/ST/STM32CubeIDE_1.19.0/STM32CubeIDE/plugins/com.st.stm32cube.ide.mcu.externaltools.gnu-tools-for-stm32.13.3.rel1.win32_1.0.0.202411081344/tools/bin/../lib/gcc/arm-none-eabi/13.3.1/thumb/v7e-m+dp/hard/crtbegin.o
                0x08005ed8                        PROVIDE (__init_array_end = .)

.fini_array     0x08005ed8        0x4
                [!provide]                        PROVIDE (__fini_array_start = .)
 *(SORT_BY_NAME(.fini_array.*))
 *(.fini_array*)
 .fini_array    0x08005ed8        0x4 C:/ST/STM32CubeIDE_1.19.0/STM32CubeIDE/plugins/com.st.stm32cube.ide.mcu.externaltools.gnu-tools-for-stm32.13.3.rel1.win32_1.0.0.202411081344/tools/bin/../lib/gcc/arm-none-eabi/13.3.1/thumb/v7e-m+dp/hard/crtbegin.o
                [!provide]                        PROVIDE (__fini_array_end = .)
                0x08005edc                        _sidata = LOADADDR (.data)

.rel.dyn        0x08005edc        0x0
 .rel.iplt      0x08005edc        0x0 C:/ST/STM32CubeIDE_1.19.0/STM32CubeIDE/plugins/com.st.stm32cube.ide.mcu.externaltools.gnu-tools-for-stm32.13.3.rel1.win32_1.0.0.202411081344/tools/bin/../lib/gcc/arm-none-eabi/13.3.1/thumb/v7e-m+dp/hard/crtbegin.o

.data           0x24000000       0x10 load address 0x08005edc
                0x24000000                        . = ALIGN (0x4)
                0x24000000                        _sdata = .
 *(.data)
 *(.data*)
 .data.SystemCoreClock
                0x24000000        0x4 ./Core/Src/system_stm32h7xx.o
                0x24000000                SystemCoreClock
 .data.SystemD2Clock
                0x24000004        0x4 ./Core/Src/system_stm32h7xx.o
                0x24000004                SystemD2Clock
 .data.uwTickPrio
                0x24000008        0x4 ./Drivers/STM32H7xx_HAL_Driver/Src/stm32h7xx_hal.o
                0x24000008                uwTickPrio
 .data.uwTickFreq
                0x2400000c        0x1 ./Drivers/STM32H7xx_HAL_Driver/Src/stm32h7xx_hal.o
                0x2400000c                uwTickFreq
 *(.RamFunc)
 *(.RamFunc*)
                0x24000010                        . = ALIGN (0x4)
 *fill*         0x2400000d        0x3 
                0x24000010                        _edata = .

.igot.plt       0x24000010        0x0 load address 0x08005eec
 .igot.plt      0x24000010        0x0 C:/ST/STM32CubeIDE_1.19.0/STM32CubeIDE/plugins/com.st.stm32cube.ide.mcu.externaltools.gnu-tools-for-stm32.13.3.rel1.win32_1.0.0.202411081344/tools/bin/../lib/gcc/arm-none-eabi/13.3.1/thumb/v7e-m+dp/hard/crtbegin.o
                0x24000010                        . = ALIGN (0x4)

.bss            0x24000010      0x1b4 load address 0x08005eec
                0x24000010                        _sbss = .
                0x24000010                        __bss_start__ = _sbss
 *(.bss)
 .bss           0x24000010       0x1c C:/ST/STM32CubeIDE_1.19.0/STM32CubeIDE/plugins/com.st.stm32cube.ide.mcu.externaltools.gnu-tools-for-stm32.13.3.rel1.win32_1.0.0.202411081344/tools/bin/../lib/gcc/arm-none-eabi/13.3.1/thumb/v7e-m+dp/hard/crtbegin.o
 *(.bss*)
 .bss.hspi1     0x2400002c       0x88 ./Core/Src/main.o
                0x2400002c                hspi1
 .bss.hspi2     0x240000b4       0x88 ./Core/Src/main.o
                0x240000b4                hspi2
 .bss.htim2     0x2400013c       0x4c ./Core/Src/main.o
                0x2400013c                htim2
 .bss.all_channels_raw
                0x24000188        0xc ./Core/Src/main.o
                0x24000188                all_channels_raw
 .bss.all_channels_voltage
                0x24000194       0x18 ./Core/Src/main.o
                0x24000194                all_channels_voltage
 .bss.ch0_data  0x240001ac        0x2 ./Core/Src/main.o
                0x240001ac                ch0_data
 .bss.ch1_data  0x240001ae        0x2 ./Core/Src/main.o
                0x240001ae                ch1_data
 .bss.ch2_data  0x240001b0        0x2 ./Core/Src/main.o
                0x240001b0                ch2_data
 .bss.ch3_data  0x240001b2        0x2 ./Core/Src/main.o
                0x240001b2                ch3_data
 .bss.ch4_data  0x240001b4        0x2 ./Core/Src/main.o
                0x240001b4                ch4_data
 .bss.ch5_data  0x240001b6        0x2 ./Core/Src/main.o
                0x240001b6                ch5_data
 .bss.tx_noop   0x240001b8        0x4 ./Core/Src/main.o
                0x240001b8                tx_noop
 .bss.rx_buf    0x240001bc        0x4 ./Core/Src/main.o
                0x240001bc                rx_buf
 .bss.uwTick    0x240001c0        0x4 ./Drivers/STM32H7xx_HAL_Driver/Src/stm32h7xx_hal.o
                0x240001c0                uwTick
 *(COMMON)
                0x240001c4                        . = ALIGN (0x4)
                0x240001c4                        _ebss = .
                0x240001c4                        __bss_end__ = _ebss

._user_heap_stack
                0x240001c4      0x604 load address 0x08005eec
                0x240001c8                        . = ALIGN (0x8)
 *fill*         0x240001c4        0x4 
                [!provide]                        PROVIDE (end = .)
                0x240001c8                        PROVIDE (_end = .)
                0x240003c8                        . = (. + _Min_Heap_Size)
 *fill*         0x240001c8      0x200 
                0x240007c8                        . = (. + _Min_Stack_Size)
 *fill*         0x240003c8      0x400 
                0x240007c8                        . = ALIGN (0x8)

/DISCARD/
 libc.a(*)
 libm.a(*)
 libgcc.a(*)

.ARM.attributes
                0x00000000       0x2e
 *(.ARM.attributes)
 .ARM.attributes
                0x00000000       0x20 C:/ST/STM32CubeIDE_1.19.0/STM32CubeIDE/plugins/com.st.stm32cube.ide.mcu.externaltools.gnu-tools-for-stm32.13.3.rel1.win32_1.0.0.202411081344/tools/bin/../lib/gcc/arm-none-eabi/13.3.1/thumb/v7e-m+dp/hard/crti.o
 .ARM.attributes
                0x00000020       0x32 C:/ST/STM32CubeIDE_1.19.0/STM32CubeIDE/plugins/com.st.stm32cube.ide.mcu.externaltools.gnu-tools-for-stm32.13.3.rel1.win32_1.0.0.202411081344/tools/bin/../lib/gcc/arm-none-eabi/13.3.1/thumb/v7e-m+dp/hard/crtbegin.o
 .ARM.attributes
                0x00000052       0x32 ./Core/Src/ADS8688.o
 .ARM.attributes
                0x00000084       0x32 ./Core/Src/main.o
 .ARM.attributes
                0x000000b6       0x32 ./Core/Src/stm32h7xx_hal_msp.o
 .ARM.attributes
                0x000000e8       0x32 ./Core/Src/stm32h7xx_it.o
 .ARM.attributes
                0x0000011a       0x32 ./Core/Src/system_stm32h7xx.o
 .ARM.attributes
                0x0000014c       0x21 ./Core/Startup/startup_stm32h7a3ritx.o
 .ARM.attributes
                0x0000016d       0x32 ./Drivers/STM32H7xx_HAL_Driver/Src/stm32h7xx_hal.o
 .ARM.attributes
                0x0000019f       0x32 ./Drivers/STM32H7xx_HAL_Driver/Src/stm32h7xx_hal_cortex.o
 .ARM.attributes
                0x000001d1       0x32 ./Drivers/STM32H7xx_HAL_Driver/Src/stm32h7xx_hal_dma.o
 .ARM.attributes
                0x00000203       0x32 ./Drivers/STM32H7xx_HAL_Driver/Src/stm32h7xx_hal_gpio.o
 .ARM.attributes
                0x00000235       0x32 ./Drivers/STM32H7xx_HAL_Driver/Src/stm32h7xx_hal_pwr_ex.o
 .ARM.attributes
                0x00000267       0x32 ./Drivers/STM32H7xx_HAL_Driver/Src/stm32h7xx_hal_rcc.o
 .ARM.attributes
                0x00000299       0x32 ./Drivers/STM32H7xx_HAL_Driver/Src/stm32h7xx_hal_rcc_ex.o
 .ARM.attributes
                0x000002cb       0x32 ./Drivers/STM32H7xx_HAL_Driver/Src/stm32h7xx_hal_spi.o
 .ARM.attributes
                0x000002fd       0x32 ./Drivers/STM32H7xx_HAL_Driver/Src/stm32h7xx_hal_tim.o
 .ARM.attributes
                0x0000032f       0x32 ./Drivers/STM32H7xx_HAL_Driver/Src/stm32h7xx_hal_tim_ex.o
 .ARM.attributes
                0x00000361       0x32 C:/ST/STM32CubeIDE_1.19.0/STM32CubeIDE/plugins/com.st.stm32cube.ide.mcu.externaltools.gnu-tools-for-stm32.13.3.rel1.win32_1.0.0.202411081344/tools/bin/../lib/gcc/arm-none-eabi/13.3.1/../../../../arm-none-eabi/lib/thumb/v7e-m+dp/hard\libc_nano.a(libc_a-memset.o)
 .ARM.attributes
                0x00000393       0x32 C:/ST/STM32CubeIDE_1.19.0/STM32CubeIDE/plugins/com.st.stm32cube.ide.mcu.externaltools.gnu-tools-for-stm32.13.3.rel1.win32_1.0.0.202411081344/tools/bin/../lib/gcc/arm-none-eabi/13.3.1/../../../../arm-none-eabi/lib/thumb/v7e-m+dp/hard\libc_nano.a(libc_a-init.o)
 .ARM.attributes
                0x000003c5       0x20 C:/ST/STM32CubeIDE_1.19.0/STM32CubeIDE/plugins/com.st.stm32cube.ide.mcu.externaltools.gnu-tools-for-stm32.13.3.rel1.win32_1.0.0.202411081344/tools/bin/../lib/gcc/arm-none-eabi/13.3.1/thumb/v7e-m+dp/hard/crtn.o
OUTPUT(RTmon ADS8688 Channel 0.elf elf32-littlearm)
LOAD linker stubs
LOAD C:/ST/STM32CubeIDE_1.19.0/STM32CubeIDE/plugins/com.st.stm32cube.ide.mcu.externaltools.gnu-tools-for-stm32.13.3.rel1.win32_1.0.0.202411081344/tools/bin/../lib/gcc/arm-none-eabi/13.3.1/../../../../arm-none-eabi/lib/thumb/v7e-m+dp/hard\libc.a
LOAD C:/ST/STM32CubeIDE_1.19.0/STM32CubeIDE/plugins/com.st.stm32cube.ide.mcu.externaltools.gnu-tools-for-stm32.13.3.rel1.win32_1.0.0.202411081344/tools/bin/../lib/gcc/arm-none-eabi/13.3.1/../../../../arm-none-eabi/lib/thumb/v7e-m+dp/hard\libm.a
LOAD C:/ST/STM32CubeIDE_1.19.0/STM32CubeIDE/plugins/com.st.stm32cube.ide.mcu.externaltools.gnu-tools-for-stm32.13.3.rel1.win32_1.0.0.202411081344/tools/bin/../lib/gcc/arm-none-eabi/13.3.1/thumb/v7e-m+dp/hard\libgcc.a

.debug_info     0x00000000    0x11bb9
 .debug_info    0x00000000      0xc7d ./Core/Src/ADS8688.o
 .debug_info    0x00000c7d     0x198d ./Core/Src/main.o
 .debug_info    0x0000260a     0x1886 ./Core/Src/stm32h7xx_hal_msp.o
 .debug_info    0x00003e90      0xc21 ./Core/Src/stm32h7xx_it.o
 .debug_info    0x00004ab1      0xd33 ./Core/Src/system_stm32h7xx.o
 .debug_info    0x000057e4       0x30 ./Core/Startup/startup_stm32h7a3ritx.o
 .debug_info    0x00005814     0x13f1 ./Drivers/STM32H7xx_HAL_Driver/Src/stm32h7xx_hal.o
 .debug_info    0x00006c05     0x1093 ./Drivers/STM32H7xx_HAL_Driver/Src/stm32h7xx_hal_cortex.o
 .debug_info    0x00007c98      0xb71 ./Drivers/STM32H7xx_HAL_Driver/Src/stm32h7xx_hal_dma.o
 .debug_info    0x00008809      0xb3a ./Drivers/STM32H7xx_HAL_Driver/Src/stm32h7xx_hal_gpio.o
 .debug_info    0x00009343      0xf01 ./Drivers/STM32H7xx_HAL_Driver/Src/stm32h7xx_hal_pwr_ex.o
 .debug_info    0x0000a244      0xeb0 ./Drivers/STM32H7xx_HAL_Driver/Src/stm32h7xx_hal_rcc.o
 .debug_info    0x0000b0f4     0x120c ./Drivers/STM32H7xx_HAL_Driver/Src/stm32h7xx_hal_rcc_ex.o
 .debug_info    0x0000c300     0x144a ./Drivers/STM32H7xx_HAL_Driver/Src/stm32h7xx_hal_spi.o
 .debug_info    0x0000d74a     0x2bae ./Drivers/STM32H7xx_HAL_Driver/Src/stm32h7xx_hal_tim.o
 .debug_info    0x000102f8     0x18c1 ./Drivers/STM32H7xx_HAL_Driver/Src/stm32h7xx_hal_tim_ex.o

.debug_abbrev   0x00000000     0x2435
 .debug_abbrev  0x00000000      0x20b ./Core/Src/ADS8688.o
 .debug_abbrev  0x0000020b      0x31b ./Core/Src/main.o
 .debug_abbrev  0x00000526      0x234 ./Core/Src/stm32h7xx_hal_msp.o
 .debug_abbrev  0x0000075a      0x1ac ./Core/Src/stm32h7xx_it.o
 .debug_abbrev  0x00000906      0x165 ./Core/Src/system_stm32h7xx.o
 .debug_abbrev  0x00000a6b       0x24 ./Core/Startup/startup_stm32h7a3ritx.o
 .debug_abbrev  0x00000a8f      0x291 ./Drivers/STM32H7xx_HAL_Driver/Src/stm32h7xx_hal.o
 .debug_abbrev  0x00000d20      0x339 ./Drivers/STM32H7xx_HAL_Driver/Src/stm32h7xx_hal_cortex.o
 .debug_abbrev  0x00001059      0x248 ./Drivers/STM32H7xx_HAL_Driver/Src/stm32h7xx_hal_dma.o
 .debug_abbrev  0x000012a1      0x201 ./Drivers/STM32H7xx_HAL_Driver/Src/stm32h7xx_hal_gpio.o
 .debug_abbrev  0x000014a2      0x297 ./Drivers/STM32H7xx_HAL_Driver/Src/stm32h7xx_hal_pwr_ex.o
 .debug_abbrev  0x00001739      0x2c5 ./Drivers/STM32H7xx_HAL_Driver/Src/stm32h7xx_hal_rcc.o
 .debug_abbrev  0x000019fe      0x27a ./Drivers/STM32H7xx_HAL_Driver/Src/stm32h7xx_hal_rcc_ex.o
 .debug_abbrev  0x00001c78      0x2b1 ./Drivers/STM32H7xx_HAL_Driver/Src/stm32h7xx_hal_spi.o
 .debug_abbrev  0x00001f29      0x276 ./Drivers/STM32H7xx_HAL_Driver/Src/stm32h7xx_hal_tim.o
 .debug_abbrev  0x0000219f      0x296 ./Drivers/STM32H7xx_HAL_Driver/Src/stm32h7xx_hal_tim_ex.o

.debug_aranges  0x00000000      0xfa8
 .debug_aranges
                0x00000000       0x58 ./Core/Src/ADS8688.o
 .debug_aranges
                0x00000058       0x60 ./Core/Src/main.o
 .debug_aranges
                0x000000b8       0x40 ./Core/Src/stm32h7xx_hal_msp.o
 .debug_aranges
                0x000000f8       0x70 ./Core/Src/stm32h7xx_it.o
 .debug_aranges
                0x00000168       0x30 ./Core/Src/system_stm32h7xx.o
 .debug_aranges
                0x00000198       0x28 ./Core/Startup/startup_stm32h7a3ritx.o
 .debug_aranges
                0x000001c0      0x1a0 ./Drivers/STM32H7xx_HAL_Driver/Src/stm32h7xx_hal.o
 .debug_aranges
                0x00000360      0x130 ./Drivers/STM32H7xx_HAL_Driver/Src/stm32h7xx_hal_cortex.o
 .debug_aranges
                0x00000490       0xa0 ./Drivers/STM32H7xx_HAL_Driver/Src/stm32h7xx_hal_dma.o
 .debug_aranges
                0x00000530       0x58 ./Drivers/STM32H7xx_HAL_Driver/Src/stm32h7xx_hal_gpio.o
 .debug_aranges
                0x00000588      0x188 ./Drivers/STM32H7xx_HAL_Driver/Src/stm32h7xx_hal_pwr_ex.o
 .debug_aranges
                0x00000710       0x88 ./Drivers/STM32H7xx_HAL_Driver/Src/stm32h7xx_hal_rcc.o
 .debug_aranges
                0x00000798       0xf0 ./Drivers/STM32H7xx_HAL_Driver/Src/stm32h7xx_hal_rcc_ex.o
 .debug_aranges
                0x00000888      0x1a8 ./Drivers/STM32H7xx_HAL_Driver/Src/stm32h7xx_hal_spi.o
 .debug_aranges
                0x00000a30      0x3e0 ./Drivers/STM32H7xx_HAL_Driver/Src/stm32h7xx_hal_tim.o
 .debug_aranges
                0x00000e10      0x198 ./Drivers/STM32H7xx_HAL_Driver/Src/stm32h7xx_hal_tim_ex.o

.debug_rnglists
                0x00000000      0xc1d
 .debug_rnglists
                0x00000000       0x41 ./Core/Src/ADS8688.o
 .debug_rnglists
                0x00000041       0x4a ./Core/Src/main.o
 .debug_rnglists
                0x0000008b       0x2c ./Core/Src/stm32h7xx_hal_msp.o
 .debug_rnglists
                0x000000b7       0x4f ./Core/Src/stm32h7xx_it.o
 .debug_rnglists
                0x00000106       0x21 ./Core/Src/system_stm32h7xx.o
 .debug_rnglists
                0x00000127       0x19 ./Core/Startup/startup_stm32h7a3ritx.o
 .debug_rnglists
                0x00000140      0x137 ./Drivers/STM32H7xx_HAL_Driver/Src/stm32h7xx_hal.o
 .debug_rnglists
                0x00000277       0xe0 ./Drivers/STM32H7xx_HAL_Driver/Src/stm32h7xx_hal_cortex.o
 .debug_rnglists
                0x00000357       0x82 ./Drivers/STM32H7xx_HAL_Driver/Src/stm32h7xx_hal_dma.o
 .debug_rnglists
                0x000003d9       0x3f ./Drivers/STM32H7xx_HAL_Driver/Src/stm32h7xx_hal_gpio.o
 .debug_rnglists
                0x00000418      0x126 ./Drivers/STM32H7xx_HAL_Driver/Src/stm32h7xx_hal_pwr_ex.o
 .debug_rnglists
                0x0000053e       0x68 ./Drivers/STM32H7xx_HAL_Driver/Src/stm32h7xx_hal_rcc.o
 .debug_rnglists
                0x000005a6       0xba ./Drivers/STM32H7xx_HAL_Driver/Src/stm32h7xx_hal_rcc_ex.o
 .debug_rnglists
                0x00000660      0x148 ./Drivers/STM32H7xx_HAL_Driver/Src/stm32h7xx_hal_spi.o
 .debug_rnglists
                0x000007a8      0x328 ./Drivers/STM32H7xx_HAL_Driver/Src/stm32h7xx_hal_tim.o
 .debug_rnglists
                0x00000ad0      0x14d ./Drivers/STM32H7xx_HAL_Driver/Src/stm32h7xx_hal_tim_ex.o

.debug_macro    0x00000000    0x305cf
 .debug_macro   0x00000000      0x2d0 ./Core/Src/ADS8688.o
 .debug_macro   0x000002d0      0xaf6 ./Core/Src/ADS8688.o
 .debug_macro   0x00000dc6      0x238 ./Core/Src/ADS8688.o
 .debug_macro   0x00000ffe       0x2e ./Core/Src/ADS8688.o
 .debug_macro   0x0000102c       0x3b ./Core/Src/ADS8688.o
 .debug_macro   0x00001067       0x22 ./Core/Src/ADS8688.o
 .debug_macro   0x00001089       0x8e ./Core/Src/ADS8688.o
 .debug_macro   0x00001117       0x51 ./Core/Src/ADS8688.o
 .debug_macro   0x00001168      0x103 ./Core/Src/ADS8688.o
 .debug_macro   0x0000126b       0x6a ./Core/Src/ADS8688.o
 .debug_macro   0x000012d5      0x1df ./Core/Src/ADS8688.o
 .debug_macro   0x000014b4       0x1c ./Core/Src/ADS8688.o
 .debug_macro   0x000014d0       0x22 ./Core/Src/ADS8688.o
 .debug_macro   0x000014f2       0xfb ./Core/Src/ADS8688.o
 .debug_macro   0x000015ed     0x1305 ./Core/Src/ADS8688.o
 .debug_macro   0x000028f2      0x11f ./Core/Src/ADS8688.o
 .debug_macro   0x00002a11       0x27 ./Core/Src/ADS8688.o
 .debug_macro   0x00002a38    0x1eb92 ./Core/Src/ADS8688.o
 .debug_macro   0x000215ca       0x6d ./Core/Src/ADS8688.o
 .debug_macro   0x00021637     0x3d80 ./Core/Src/ADS8688.o
 .debug_macro   0x000253b7      0x190 ./Core/Src/ADS8688.o
 .debug_macro   0x00025547       0x61 ./Core/Src/ADS8688.o
 .debug_macro   0x000255a8       0x29 ./Core/Src/ADS8688.o
 .debug_macro   0x000255d1       0x43 ./Core/Src/ADS8688.o
 .debug_macro   0x00025614       0x34 ./Core/Src/ADS8688.o
 .debug_macro   0x00025648      0x370 ./Core/Src/ADS8688.o
 .debug_macro   0x000259b8       0x16 ./Core/Src/ADS8688.o
 .debug_macro   0x000259ce       0x4a ./Core/Src/ADS8688.o
 .debug_macro   0x00025a18       0x34 ./Core/Src/ADS8688.o
 .debug_macro   0x00025a4c       0x10 ./Core/Src/ADS8688.o
 .debug_macro   0x00025a5c       0x58 ./Core/Src/ADS8688.o
 .debug_macro   0x00025ab4       0x8e ./Core/Src/ADS8688.o
 .debug_macro   0x00025b42       0x1c ./Core/Src/ADS8688.o
 .debug_macro   0x00025b5e      0x185 ./Core/Src/ADS8688.o
 .debug_macro   0x00025ce3      0x19b ./Core/Src/ADS8688.o
 .debug_macro   0x00025e7e       0x5d ./Core/Src/ADS8688.o
 .debug_macro   0x00025edb     0x24ee ./Core/Src/ADS8688.o
 .debug_macro   0x000283c9     0x103a ./Core/Src/ADS8688.o
 .debug_macro   0x00029403      0x154 ./Core/Src/ADS8688.o
 .debug_macro   0x00029557      0x114 ./Core/Src/ADS8688.o
 .debug_macro   0x0002966b      0x3d5 ./Core/Src/ADS8688.o
 .debug_macro   0x00029a40       0xac ./Core/Src/ADS8688.o
 .debug_macro   0x00029aec      0x70a ./Core/Src/ADS8688.o
 .debug_macro   0x0002a1f6      0x20c ./Core/Src/ADS8688.o
 .debug_macro   0x0002a402       0x66 ./Core/Src/ADS8688.o
 .debug_macro   0x0002a468      0x3c9 ./Core/Src/ADS8688.o
 .debug_macro   0x0002a831      0x3eb ./Core/Src/ADS8688.o
 .debug_macro   0x0002ac1c      0x275 ./Core/Src/ADS8688.o
 .debug_macro   0x0002ae91      0x6c8 ./Core/Src/ADS8688.o
 .debug_macro   0x0002b559      0x520 ./Core/Src/ADS8688.o
 .debug_macro   0x0002ba79       0x58 ./Core/Src/ADS8688.o
 .debug_macro   0x0002bad1       0x4a ./Core/Src/ADS8688.o
 .debug_macro   0x0002bb1b      0x22c ./Core/Src/ADS8688.o
 .debug_macro   0x0002bd47       0x67 ./Core/Src/ADS8688.o
 .debug_macro   0x0002bdae       0xa5 ./Core/Src/ADS8688.o
 .debug_macro   0x0002be53      0x1bd ./Core/Src/ADS8688.o
 .debug_macro   0x0002c010      0x2ab ./Core/Src/ADS8688.o
 .debug_macro   0x0002c2bb       0x35 ./Core/Src/ADS8688.o
 .debug_macro   0x0002c2f0      0x5e4 ./Core/Src/ADS8688.o
 .debug_macro   0x0002c8d4       0xc1 ./Core/Src/ADS8688.o
 .debug_macro   0x0002c995      0xb24 ./Core/Src/ADS8688.o
 .debug_macro   0x0002d4b9      0x29f ./Core/Src/ADS8688.o
 .debug_macro   0x0002d758      0x5ca ./Core/Src/ADS8688.o
 .debug_macro   0x0002dd22       0x5e ./Core/Src/ADS8688.o
 .debug_macro   0x0002dd80      0x166 ./Core/Src/ADS8688.o
 .debug_macro   0x0002dee6      0x2dc ./Core/Src/main.o
 .debug_macro   0x0002e1c2      0x2bd ./Core/Src/stm32h7xx_hal_msp.o
 .debug_macro   0x0002e47f      0x2c7 ./Core/Src/stm32h7xx_it.o
 .debug_macro   0x0002e746      0x2ae ./Core/Src/system_stm32h7xx.o
 .debug_macro   0x0002e9f4      0x2d8 ./Drivers/STM32H7xx_HAL_Driver/Src/stm32h7xx_hal.o
 .debug_macro   0x0002eccc      0x2ae ./Drivers/STM32H7xx_HAL_Driver/Src/stm32h7xx_hal_cortex.o
 .debug_macro   0x0002ef7a      0x302 ./Drivers/STM32H7xx_HAL_Driver/Src/stm32h7xx_hal_dma.o
 .debug_macro   0x0002f27c      0x2b5 ./Drivers/STM32H7xx_HAL_Driver/Src/stm32h7xx_hal_gpio.o
 .debug_macro   0x0002f531      0x2e7 ./Drivers/STM32H7xx_HAL_Driver/Src/stm32h7xx_hal_pwr_ex.o
 .debug_macro   0x0002f818      0x2d2 ./Drivers/STM32H7xx_HAL_Driver/Src/stm32h7xx_hal_rcc.o
 .debug_macro   0x0002faea      0x2cc ./Drivers/STM32H7xx_HAL_Driver/Src/stm32h7xx_hal_rcc_ex.o
 .debug_macro   0x0002fdb6      0x2b6 ./Drivers/STM32H7xx_HAL_Driver/Src/stm32h7xx_hal_spi.o
 .debug_macro   0x0003006c      0x2af ./Drivers/STM32H7xx_HAL_Driver/Src/stm32h7xx_hal_tim.o
 .debug_macro   0x0003031b      0x2b4 ./Drivers/STM32H7xx_HAL_Driver/Src/stm32h7xx_hal_tim_ex.o

.debug_line     0x00000000    0x14be0
 .debug_line    0x00000000      0xa19 ./Core/Src/ADS8688.o
 .debug_line    0x00000a19      0xba0 ./Core/Src/main.o
 .debug_line    0x000015b9      0x9bb ./Core/Src/stm32h7xx_hal_msp.o
 .debug_line    0x00001f74      0x9b7 ./Core/Src/stm32h7xx_it.o
 .debug_line    0x0000292b      0xacc ./Core/Src/system_stm32h7xx.o
 .debug_line    0x000033f7       0x7b ./Core/Startup/startup_stm32h7a3ritx.o
 .debug_line    0x00003472      0xebd ./Drivers/STM32H7xx_HAL_Driver/Src/stm32h7xx_hal.o
 .debug_line    0x0000432f      0xe9a ./Drivers/STM32H7xx_HAL_Driver/Src/stm32h7xx_hal_cortex.o
 .debug_line    0x000051c9     0x295f ./Drivers/STM32H7xx_HAL_Driver/Src/stm32h7xx_hal_dma.o
 .debug_line    0x00007b28      0xd39 ./Drivers/STM32H7xx_HAL_Driver/Src/stm32h7xx_hal_gpio.o
 .debug_line    0x00008861     0x106d ./Drivers/STM32H7xx_HAL_Driver/Src/stm32h7xx_hal_pwr_ex.o
 .debug_line    0x000098ce     0x14f2 ./Drivers/STM32H7xx_HAL_Driver/Src/stm32h7xx_hal_rcc.o
 .debug_line    0x0000adc0     0x1d70 ./Drivers/STM32H7xx_HAL_Driver/Src/stm32h7xx_hal_rcc_ex.o
 .debug_line    0x0000cb30     0x2242 ./Drivers/STM32H7xx_HAL_Driver/Src/stm32h7xx_hal_spi.o
 .debug_line    0x0000ed72     0x4004 ./Drivers/STM32H7xx_HAL_Driver/Src/stm32h7xx_hal_tim.o
 .debug_line    0x00012d76     0x1e6a ./Drivers/STM32H7xx_HAL_Driver/Src/stm32h7xx_hal_tim_ex.o

.debug_str      0x00000000   0x13d173
 .debug_str     0x00000000   0x13d173 ./Core/Src/ADS8688.o
                             0x138036 (size before relaxing)
 .debug_str     0x0013d173   0x138a21 ./Core/Src/main.o
 .debug_str     0x0013d173   0x138af3 ./Core/Src/stm32h7xx_hal_msp.o
 .debug_str     0x0013d173   0x137d01 ./Core/Src/stm32h7xx_it.o
 .debug_str     0x0013d173   0x13771e ./Core/Src/system_stm32h7xx.o
 .debug_str     0x0013d173       0x95 ./Core/Startup/startup_stm32h7a3ritx.o
 .debug_str     0x0013d173   0x1385b2 ./Drivers/STM32H7xx_HAL_Driver/Src/stm32h7xx_hal.o
 .debug_str     0x0013d173   0x137ffa ./Drivers/STM32H7xx_HAL_Driver/Src/stm32h7xx_hal_cortex.o
 .debug_str     0x0013d173   0x137e0d ./Drivers/STM32H7xx_HAL_Driver/Src/stm32h7xx_hal_dma.o
 .debug_str     0x0013d173   0x13768f ./Drivers/STM32H7xx_HAL_Driver/Src/stm32h7xx_hal_gpio.o
 .debug_str     0x0013d173   0x137c14 ./Drivers/STM32H7xx_HAL_Driver/Src/stm32h7xx_hal_pwr_ex.o
 .debug_str     0x0013d173   0x137ab7 ./Drivers/STM32H7xx_HAL_Driver/Src/stm32h7xx_hal_rcc.o
 .debug_str     0x0013d173   0x137f4c ./Drivers/STM32H7xx_HAL_Driver/Src/stm32h7xx_hal_rcc_ex.o
 .debug_str     0x0013d173   0x137da9 ./Drivers/STM32H7xx_HAL_Driver/Src/stm32h7xx_hal_spi.o
 .debug_str     0x0013d173   0x138824 ./Drivers/STM32H7xx_HAL_Driver/Src/stm32h7xx_hal_tim.o
 .debug_str     0x0013d173   0x1381d1 ./Drivers/STM32H7xx_HAL_Driver/Src/stm32h7xx_hal_tim_ex.o

.comment        0x00000000       0x43
 .comment       0x00000000       0x43 ./Core/Src/ADS8688.o
                                 0x44 (size before relaxing)
 .comment       0x00000043       0x44 ./Core/Src/main.o
 .comment       0x00000043       0x44 ./Core/Src/stm32h7xx_hal_msp.o
 .comment       0x00000043       0x44 ./Core/Src/stm32h7xx_it.o
 .comment       0x00000043       0x44 ./Core/Src/system_stm32h7xx.o
 .comment       0x00000043       0x44 ./Drivers/STM32H7xx_HAL_Driver/Src/stm32h7xx_hal.o
 .comment       0x00000043       0x44 ./Drivers/STM32H7xx_HAL_Driver/Src/stm32h7xx_hal_cortex.o
 .comment       0x00000043       0x44 ./Drivers/STM32H7xx_HAL_Driver/Src/stm32h7xx_hal_dma.o
 .comment       0x00000043       0x44 ./Drivers/STM32H7xx_HAL_Driver/Src/stm32h7xx_hal_gpio.o
 .comment       0x00000043       0x44 ./Drivers/STM32H7xx_HAL_Driver/Src/stm32h7xx_hal_pwr_ex.o
 .comment       0x00000043       0x44 ./Drivers/STM32H7xx_HAL_Driver/Src/stm32h7xx_hal_rcc.o
 .comment       0x00000043       0x44 ./Drivers/STM32H7xx_HAL_Driver/Src/stm32h7xx_hal_rcc_ex.o
 .comment       0x00000043       0x44 ./Drivers/STM32H7xx_HAL_Driver/Src/stm32h7xx_hal_spi.o
 .comment       0x00000043       0x44 ./Drivers/STM32H7xx_HAL_Driver/Src/stm32h7xx_hal_tim.o
 .comment       0x00000043       0x44 ./Drivers/STM32H7xx_HAL_Driver/Src/stm32h7xx_hal_tim_ex.o

.debug_frame    0x00000000     0x4220
 .debug_frame   0x00000000      0x140 ./Core/Src/ADS8688.o
 .debug_frame   0x00000140      0x134 ./Core/Src/main.o
 .debug_frame   0x00000274       0xcc ./Core/Src/stm32h7xx_hal_msp.o
 .debug_frame   0x00000340      0x13c ./Core/Src/stm32h7xx_it.o
 .debug_frame   0x0000047c       0x78 ./Core/Src/system_stm32h7xx.o
 .debug_frame   0x000004f4      0x6a8 ./Drivers/STM32H7xx_HAL_Driver/Src/stm32h7xx_hal.o
 .debug_frame   0x00000b9c      0x508 ./Drivers/STM32H7xx_HAL_Driver/Src/stm32h7xx_hal_cortex.o
 .debug_frame   0x000010a4      0x2b4 ./Drivers/STM32H7xx_HAL_Driver/Src/stm32h7xx_hal_dma.o
 .debug_frame   0x00001358      0x14c ./Drivers/STM32H7xx_HAL_Driver/Src/stm32h7xx_hal_gpio.o
 .debug_frame   0x000014a4      0x660 ./Drivers/STM32H7xx_HAL_Driver/Src/stm32h7xx_hal_pwr_ex.o
 .debug_frame   0x00001b04      0x1fc ./Drivers/STM32H7xx_HAL_Driver/Src/stm32h7xx_hal_rcc.o
 .debug_frame   0x00001d00      0x3ec ./Drivers/STM32H7xx_HAL_Driver/Src/stm32h7xx_hal_rcc_ex.o
 .debug_frame   0x000020ec      0x7a8 ./Drivers/STM32H7xx_HAL_Driver/Src/stm32h7xx_hal_spi.o
 .debug_frame   0x00002894     0x121c ./Drivers/STM32H7xx_HAL_Driver/Src/stm32h7xx_hal_tim.o
 .debug_frame   0x00003ab0      0x724 ./Drivers/STM32H7xx_HAL_Driver/Src/stm32h7xx_hal_tim_ex.o
 .debug_frame   0x000041d4       0x20 C:/ST/STM32CubeIDE_1.19.0/STM32CubeIDE/plugins/com.st.stm32cube.ide.mcu.externaltools.gnu-tools-for-stm32.13.3.rel1.win32_1.0.0.202411081344/tools/bin/../lib/gcc/arm-none-eabi/13.3.1/../../../../arm-none-eabi/lib/thumb/v7e-m+dp/hard\libc_nano.a(libc_a-memset.o)
 .debug_frame   0x000041f4       0x2c C:/ST/STM32CubeIDE_1.19.0/STM32CubeIDE/plugins/com.st.stm32cube.ide.mcu.externaltools.gnu-tools-for-stm32.13.3.rel1.win32_1.0.0.202411081344/tools/bin/../lib/gcc/arm-none-eabi/13.3.1/../../../../arm-none-eabi/lib/thumb/v7e-m+dp/hard\libc_nano.a(libc_a-init.o)

.debug_line_str
                0x00000000       0x79
 .debug_line_str
                0x00000000       0x79 ./Core/Startup/startup_stm32h7a3ritx.o
